Microchip Technology Inc, vv1.24 (0)

Tool Name:
  c:\program files (x86)\microchip\xc16\v1.24\bin\bin\..\bin/elf-ld.exe

Command:
  -p24FJ128GB202 \
  -o \
  dist/24FJ128GB202/production/gb202-coverage-tester.production.elf \
  -Lc:/program files (x86)/microchip/xc16/v1.24/bin/bin/.. \
  -Lc:/program files (x86)/microchip/xc16/v1.24/bin/bin/../../lib \
  -Lc:/program files (x86)/microchip/xc16/v1.24/bin/bin/../../lib/PIC24E \
  -Lc:/program files (x86)/microchip/xc16/v1.24/bin/bin/../../support/PIC24E/gld \
  -Lc:/program files (x86)/microchip/xc16/v1.24/bin/bin/../../lib/PIC24F \
  -Lc:/program files (x86)/microchip/xc16/v1.24/bin/bin/../../support/PIC24F/gld \
  -Lc:/program files (x86)/microchip/xc16/v1.24/bin/bin/../../lib/PIC24H \
  -Lc:/program files (x86)/microchip/xc16/v1.24/bin/bin/../../support/PIC24H/gld \
  -Lc:/program files (x86)/microchip/xc16/v1.24/bin/bin/../../lib/dsPIC30F \
  -Lc:/program files (x86)/microchip/xc16/v1.24/bin/bin/../../support/dsPIC30F/gld \
  -Lc:/program files (x86)/microchip/xc16/v1.24/bin/bin/../../lib/dsPIC33E \
  -Lc:/program files (x86)/microchip/xc16/v1.24/bin/bin/../../support/dsPIC33E/gld \
  -Lc:/program files (x86)/microchip/xc16/v1.24/bin/bin/../../lib/dsPIC33F \
  -Lc:/program files (x86)/microchip/xc16/v1.24/bin/bin/../../support/dsPIC33F/gld \
  build/24FJ128GB202/production/mcc_generated_files/pin_manager.o \
  build/24FJ128GB202/production/mcc_generated_files/mcc.o \
  build/24FJ128GB202/production/mcc_generated_files/uart3.o \
  build/24FJ128GB202/production/mcc_generated_files/uart2.o \
  build/24FJ128GB202/production/mcc_generated_files/uart1.o \
  build/24FJ128GB202/production/mcc_generated_files/tmr1.o \
  build/24FJ128GB202/production/mcc_generated_files/interrupt_manager.o \
  build/24FJ128GB202/production/mcc_generated_files/i2c2.o \
  build/24FJ128GB202/production/main.o \
  build/24FJ128GB202/production/UserCommands.o \
  build/24FJ128GB202/production/Serial.o \
  build/24FJ128GB202/production/iLCD.o \
  build/24FJ128GB202/production/LCDMenu.o \
  --local-stack \
  --defsym=__MPLAB_BUILD=1 \
  -Tp24FJ128GB202.gld.00 \
  --heap=16 \
  --stack=16 \
  --check-sections \
  --data-init \
  --pack-data \
  --handles \
  --isr \
  --no-gc-sections \
  --fill-upper=0 \
  --stackguard=16 \
  --no-force-link \
  --smart-io \
  -Map=dist/24FJ128GB202/production/gb202-coverage-tester.production.map \
  --report-mem \
  -start-group \
  --library=pic30-elf \
  --library=m-elf \
  --library=c-elf \
  -end-group \

Archive member included because of file (symbol)

c:/program files (x86)/microchip/xc16/v1.24/bin/bin/../../lib\libpic30-elf.a(crt0_extended.o)
                              (__resetPRI)
c:/program files (x86)/microchip/xc16/v1.24/bin/bin/../../lib\libpic30-elf.a(data_init_extended.o)
                              c:/program files (x86)/microchip/xc16/v1.24/bin/bin/../../lib\libpic30-elf.a(crt0_extended.o) (__data_init_extended)
c:/program files (x86)/microchip/xc16/v1.24/bin/bin/../../lib\libpic30-elf.a(c30_uart.eo)
                              build/24FJ128GB202/production/UserCommands.o (___C30_UART)
c:/program files (x86)/microchip/xc16/v1.24/bin/bin/../../lib\libpic30-elf.a(delay32.eo)
                              build/24FJ128GB202/production/main.o (___delay32)
c:/program files (x86)/microchip/xc16/v1.24/bin/bin/../../lib\libm-elf.a(divmoddi3.eo)
                              build/24FJ128GB202/production/iLCD.o (___divdi3)
c:/program files (x86)/microchip/xc16/v1.24/bin/bin/../../lib\libm-elf.a(muldi3.eo)
                              build/24FJ128GB202/production/iLCD.o (___muldi3)
c:/program files (x86)/microchip/xc16/v1.24/bin/bin/../../lib\libm-elf.a(umuldi3.eo)
                              c:/program files (x86)/microchip/xc16/v1.24/bin/bin/../../lib\libm-elf.a(muldi3.eo) (___umuldi3)
c:/program files (x86)/microchip/xc16/v1.24/bin/bin/../../lib\libc-elf.a(memcpy.eo)
                              build/24FJ128GB202/production/UserCommands.o (_memcpy)
c:/program files (x86)/microchip/xc16/v1.24/bin/bin/../../lib\libc-elf.a(memset.eo)
                              build/24FJ128GB202/production/mcc_generated_files/uart2.o (_memset)
c:/program files (x86)/microchip/xc16/v1.24/bin/bin/../../lib\libc-elf.a(puts.eo)
                              build/24FJ128GB202/production/UserCommands.o (_puts)
c:/program files (x86)/microchip/xc16/v1.24/bin/bin/../../lib\libc-elf.a(strcpy.eo)
                              build/24FJ128GB202/production/mcc_generated_files/uart3.o (_strcpy)
c:/program files (x86)/microchip/xc16/v1.24/bin/bin/../../lib\libc-elf.a(strlen.eo)
                              build/24FJ128GB202/production/Serial.o (_strlen)
c:/program files (x86)/microchip/xc16/v1.24/bin/bin/../../lib\libc-elf.a(strncmp.eo)
                              build/24FJ128GB202/production/UserCommands.o (_strncmp)
[...]
Memory Configuration

Name             Origin             Length             Attributes
data             0x000800           0x002000           a !xr
reset            0x000000           0x000004  
ivt              0x000004           0x0000fc  
_reserved        0x000100           0x000004  
aivt             0x000104           0x0000fc  
program          0x000200           0x0155f8           xr
CONFIG4          0x0157f8           0x000002  
CONFIG3          0x0157fa           0x000002  
CONFIG2          0x0157fc           0x000002  
CONFIG1          0x0157fe           0x000002  
*default*        0x000000           0xffffffff  

Linker script and memory map

LOAD build/24FJ128GB202/production/mcc_generated_files/pin_manager.o
LOAD build/24FJ128GB202/production/mcc_generated_files/mcc.o
LOAD build/24FJ128GB202/production/mcc_generated_files/uart3.o
LOAD build/24FJ128GB202/production/mcc_generated_files/uart2.o
LOAD build/24FJ128GB202/production/mcc_generated_files/uart1.o
LOAD build/24FJ128GB202/production/mcc_generated_files/tmr1.o
LOAD build/24FJ128GB202/production/mcc_generated_files/interrupt_manager.o
LOAD build/24FJ128GB202/production/mcc_generated_files/i2c2.o
LOAD build/24FJ128GB202/production/main.o
LOAD build/24FJ128GB202/production/UserCommands.o
LOAD build/24FJ128GB202/production/Serial.o
LOAD build/24FJ128GB202/production/iLCD.o
LOAD build/24FJ128GB202/production/LCDMenu.o
                    0x0001                  __MPLAB_BUILD = 0x1
LOAD c:/program files (x86)/microchip/xc16/v1.24/bin/bin/../../lib/PIC24F\libpPIC24Fxxx-elf.a
LOAD c:/program files (x86)/microchip/xc16/v1.24/bin/bin/../../lib\libfx-elf.a
                    0x157f8                  __CONFIG4 = 0x157f8
                    0x157fa                  __CONFIG3 = 0x157fa
                    0x157fc                  __CONFIG2 = 0x157fc
                    0x157fe                  __CONFIG1 = 0x157fe
                    0x0200                  __CODE_BASE = 0x200
                    0x155f8                  __CODE_LENGTH = 0x155f8
                    0x0004                  __IVT_BASE = 0x4
                    0x0104                  __AIVT_BASE = 0x104
                    0x0800                  __DATA_BASE = 0x800
                    0x2000                  __DATA_LENGTH = 0x2000

.reset            0x000000          0x4
                  0x000000          0x2 SHORT 0x200 ABSOLUTE (__reset)
                  0x000001          0x2 SHORT 0x4
                  0x000002          0x2 SHORT 0x0 ((ABSOLUTE (__reset) >> 0x10) & 0x7f)
                  0x000003          0x2 SHORT 0x0

.text             0x000200        0xb14
 *(.init)
 .init            0x000200         0x38 c:/program files (x86)/microchip/xc16/v1.24/bin/bin/../../lib\libpic30-elf.a(crt0_extended.o)
                  0x000200                  __resetPRI
                  0x000200                  __reset
                  0x00022c                  __psv_init
 .init            0x000238         0x9a c:/program files (x86)/microchip/xc16/v1.24/bin/bin/../../lib\libpic30-elf.a(data_init_extended.o)
                  0x000238                  __data_init
                  0x000238                  __data_init_extended
 *(.user_init)
 *(.handle)
 *(.isr*)
 .isr             0x0002d2          0x4 default_isr
                  0x0002d2                  __DefaultInterrupt
 *(.libc)
 .libc            0x0002d6         0x60 c:/program files (x86)/microchip/xc16/v1.24/bin/bin/../../lib\libpic30-elf.a(write.eo)
                  0x0002d6                  _write
 *(.libm)
 *(.libdsp)
 *(.lib*)
 .libm.__PplusBdi
                  0x000336         0x28 c:/program files (x86)/microchip/xc16/v1.24/bin/bin/../../lib\libm-elf.a(divmoddi3.eo)
 .libm.__PminusBdi
                  0x00035e         0x4a c:/program files (x86)/microchip/xc16/v1.24/bin/bin/../../lib\libm-elf.a(divmoddi3.eo)
 .libm.__udivmoddi3
                  0x0003a8         0xe4 c:/program files (x86)/microchip/xc16/v1.24/bin/bin/../../lib\libm-elf.a(divmoddi3.eo)
                  0x0003a8                  ___udivmoddi3
 .libm.__udivdi3
                  0x00048c          0xe c:/program files (x86)/microchip/xc16/v1.24/bin/bin/../../lib\libm-elf.a(divmoddi3.eo)
                  0x00048c                  ___udivdi3
 .libm.__umoddi3
                  0x00049a          0x8 c:/program files (x86)/microchip/xc16/v1.24/bin/bin/../../lib\libm-elf.a(divmoddi3.eo)
                  0x00049a                  ___umoddi3
 .libm.__divdi3
                  0x0004a2         0x60 c:/program files (x86)/microchip/xc16/v1.24/bin/bin/../../lib\libm-elf.a(divmoddi3.eo)
                  0x0004a2                  ___divdi3
 .libm.__moddi3
                  0x000502         0x5c c:/program files (x86)/microchip/xc16/v1.24/bin/bin/../../lib\libm-elf.a(divmoddi3.eo)
                  0x000502                  ___moddi3
 .libm.__muldi3
                  0x00055e         0x52 c:/program files (x86)/microchip/xc16/v1.24/bin/bin/../../lib\libm-elf.a(muldi3.eo)
                  0x00055e                  ___muldi3
 .libm.umuldi3    0x0005b0         0x44 c:/program files (x86)/microchip/xc16/v1.24/bin/bin/../../lib\libm-elf.a(umuldi3.eo)
                  0x0005b0                  ___umuldi3
 .libc.memcpy     0x0005f4          0xe c:/program files (x86)/microchip/xc16/v1.24/bin/bin/../../lib\libc-elf.a(memcpy.eo)
                  0x0005f4                  _memcpy
 .libc.memset     0x000602          0xe c:/program files (x86)/microchip/xc16/v1.24/bin/bin/../../lib\libc-elf.a(memset.eo)
                  0x000602                  _memset
 .libc.fputs      0x000610         0x1c c:/program files (x86)/microchip/xc16/v1.24/bin/bin/../../lib\libc-elf.a(puts.eo)
                  0x000610                  _fputs
 .libc.puts       0x00062c         0x14 c:/program files (x86)/microchip/xc16/v1.24/bin/bin/../../lib\libc-elf.a(puts.eo)
                  0x00062c                  _puts
 .libc.strcpy     0x000640          0xc c:/program files (x86)/microchip/xc16/v1.24/bin/bin/../../lib\libc-elf.a(strcpy.eo)
                  0x000640                  _strcpy
 .libc.strlen     0x00064c          0xe c:/program files (x86)/microchip/xc16/v1.24/bin/bin/../../lib\libc-elf.a(strlen.eo)
                  0x00064c                  _strlen
 .libc.strncmp    0x00065a         0x22 c:/program files (x86)/microchip/xc16/v1.24/bin/bin/../../lib\libc-elf.a(strncmp.eo)
                  0x00065a                  _strncmp
 .libc._printf_s
                  0x00067c          0xe c:/program files (x86)/microchip/xc16/v1.24/bin/bin/../../lib\libc-elf.a(printf_s.XXeo)
                  0x00067c                  __printf_s
                  0x00067c                  __printf_0
 .libc.fputc      0x00068a         0x88 c:/program files (x86)/microchip/xc16/v1.24/bin/bin/../../lib\libc-elf.a(fputc.eo)
                  0x00068a                  _fputc
 .libc._vfprintf_s
                  0x000712        0x54e c:/program files (x86)/microchip/xc16/v1.24/bin/bin/../../lib\libc-elf.a(doprnt_s.XXeo)
                  0x000712                  __vfprintf_0
                  0x000712                  __vfprintf_s
 .libc._flsbuf    0x000c60         0x84 c:/program files (x86)/microchip/xc16/v1.24/bin/bin/../../lib\libc-elf.a(flsbuf.eo)
                  0x000c60                  __flsbuf
 .libc.dowrite    0x000ce4          0x4 c:/program files (x86)/microchip/xc16/v1.24/bin/bin/../../lib\libpic30-elf.a(write.eo)
 .libm.udivsi3    0x000ce8         0x20 c:/program files (x86)/microchip/xc16/v1.24/bin/bin/../../lib\libm-elf.a(udivsi3.eo)
                  0x000ce8                  ___udivsi3
 .libm.mulsi3     0x000d08          0xc c:/program files (x86)/microchip/xc16/v1.24/bin/bin/../../lib\libm-elf.a(mulsi3.eo)
                  0x000d08                  ___mulp32peds3
                  0x000d08                  ___mulsi3
                  0x000d08                  ___mulp32eds3

usercode
 *(usercode)

__CONFIG4
 *(__CONFIG4.sec*)

__CONFIG3
 *(__CONFIG3.sec*)

__CONFIG2
 *(__CONFIG2.sec*)

__CONFIG1
 *(__CONFIG1.sec*)

.comment
 *(.comment)

.debug_info       0x000000       0x90b6
 *(.debug_info)
 .debug_info      0x000000        0x966 build/24FJ128GB202/production/mcc_generated_files/pin_manager.o
 .debug_info      0x000966        0x388 build/24FJ128GB202/production/mcc_generated_files/mcc.o
 .debug_info      0x000cee       0x11a1 build/24FJ128GB202/production/mcc_generated_files/uart3.o
 .debug_info      0x001e8f       0x1353 build/24FJ128GB202/production/mcc_generated_files/uart2.o
 .debug_info      0x0031e2       0x13a0 build/24FJ128GB202/production/mcc_generated_files/uart1.o
 .debug_info      0x004582        0xc39 build/24FJ128GB202/production/mcc_generated_files/tmr1.o
 .debug_info      0x0051bb        0xcce build/24FJ128GB202/production/mcc_generated_files/interrupt_manager.o
 .debug_info      0x005e89       0x1472 build/24FJ128GB202/production/mcc_generated_files/i2c2.o
 .debug_info      0x0072fb        0x5ab build/24FJ128GB202/production/main.o
 .debug_info      0x0078a6        0x57d build/24FJ128GB202/production/UserCommands.o
 .debug_info      0x007e23        0x8bc build/24FJ128GB202/production/Serial.o
 .debug_info      0x0086df        0x8b7 build/24FJ128GB202/production/iLCD.o
 .debug_info      0x008f96        0x120 build/24FJ128GB202/production/LCDMenu.o
 *(.gnu.linkonce.wi.*)

.debug_abbrev     0x000000       0x107e
 *(.debug_abbrev)
 .debug_abbrev    0x000000         0xb8 build/24FJ128GB202/production/mcc_generated_files/pin_manager.o
 .debug_abbrev    0x0000b8         0xb8 build/24FJ128GB202/production/mcc_generated_files/mcc.o
 .debug_abbrev    0x000170        0x219 build/24FJ128GB202/production/mcc_generated_files/uart3.o
 .debug_abbrev    0x000389        0x219 build/24FJ128GB202/production/mcc_generated_files/uart2.o
 .debug_abbrev    0x0005a2        0x219 build/24FJ128GB202/production/mcc_generated_files/uart1.o
 .debug_abbrev    0x0007bb        0x16c build/24FJ128GB202/production/mcc_generated_files/tmr1.o
 .debug_abbrev    0x000927         0xa7 build/24FJ128GB202/production/mcc_generated_files/interrupt_manager.o
 .debug_abbrev    0x0009ce        0x212 build/24FJ128GB202/production/mcc_generated_files/i2c2.o
 .debug_abbrev    0x000be0         0xb2 build/24FJ128GB202/production/main.o
 .debug_abbrev    0x000c92         0xf1 build/24FJ128GB202/production/UserCommands.o
 .debug_abbrev    0x000d83        0x12d build/24FJ128GB202/production/Serial.o
 .debug_abbrev    0x000eb0        0x16b build/24FJ128GB202/production/iLCD.o
 .debug_abbrev    0x00101b         0x63 build/24FJ128GB202/production/LCDMenu.o

.debug_line       0x000000       0x39bd
 *(.debug_line)
 .debug_line      0x000000        0x131 build/24FJ128GB202/production/mcc_generated_files/pin_manager.o
 .debug_line      0x000131        0x12b build/24FJ128GB202/production/mcc_generated_files/mcc.o
 .debug_line      0x00025c        0x7d8 build/24FJ128GB202/production/mcc_generated_files/uart3.o
 .debug_line      0x000a34        0x7e3 build/24FJ128GB202/production/mcc_generated_files/uart2.o
 .debug_line      0x001217        0x7fb build/24FJ128GB202/production/mcc_generated_files/uart1.o
 .debug_line      0x001a12        0x46e build/24FJ128GB202/production/mcc_generated_files/tmr1.o
 .debug_line      0x001e80        0x10f build/24FJ128GB202/production/mcc_generated_files/interrupt_manager.o
 .debug_line      0x001f8f        0x898 build/24FJ128GB202/production/mcc_generated_files/i2c2.o
 .debug_line      0x002827        0x1c6 build/24FJ128GB202/production/main.o
 .debug_line      0x0029ed        0x465 build/24FJ128GB202/production/UserCommands.o
 .debug_line      0x002e52        0x290 build/24FJ128GB202/production/Serial.o
 .debug_line      0x0030e2        0x794 build/24FJ128GB202/production/iLCD.o
 .debug_line      0x003876        0x147 build/24FJ128GB202/production/LCDMenu.o

.debug_frame      0x000000        0xbc0
 *(.debug_frame)
 .debug_frame     0x000000         0x24 build/24FJ128GB202/production/mcc_generated_files/pin_manager.o
 .debug_frame     0x000024         0x34 build/24FJ128GB202/production/mcc_generated_files/mcc.o
 .debug_frame     0x000058        0x1d4 build/24FJ128GB202/production/mcc_generated_files/uart3.o
 .debug_frame     0x00022c        0x1c4 build/24FJ128GB202/production/mcc_generated_files/uart2.o
 .debug_frame     0x0003f0        0x1c4 build/24FJ128GB202/production/mcc_generated_files/uart1.o
 .debug_frame     0x0005b4        0x174 build/24FJ128GB202/production/mcc_generated_files/tmr1.o
 .debug_frame     0x000728         0x24 build/24FJ128GB202/production/mcc_generated_files/interrupt_manager.o
 .debug_frame     0x00074c        0x164 build/24FJ128GB202/production/mcc_generated_files/i2c2.o
 .debug_frame     0x0008b0         0x24 build/24FJ128GB202/production/main.o
 .debug_frame     0x0008d4        0x120 build/24FJ128GB202/production/UserCommands.o
 .debug_frame     0x0009f4         0xa4 build/24FJ128GB202/production/Serial.o
 .debug_frame     0x000a98         0xe4 build/24FJ128GB202/production/iLCD.o
 .debug_frame     0x000b7c         0x44 build/24FJ128GB202/production/LCDMenu.o

.debug_str        0x000000        0x3be
 *(.debug_str)
 .debug_str       0x000000         0x38 build/24FJ128GB202/production/mcc_generated_files/pin_manager.o
 .debug_str       0x000038          0xb build/24FJ128GB202/production/mcc_generated_files/mcc.o
 .debug_str       0x000043         0x69 build/24FJ128GB202/production/mcc_generated_files/uart3.o
 .debug_str       0x0000ac         0x72 build/24FJ128GB202/production/mcc_generated_files/uart2.o
 .debug_str       0x00011e         0x72 build/24FJ128GB202/production/mcc_generated_files/uart1.o
 .debug_str       0x000190         0x36 build/24FJ128GB202/production/mcc_generated_files/tmr1.o
 .debug_str       0x0001c6         0x42 build/24FJ128GB202/production/mcc_generated_files/interrupt_manager.o
 .debug_str       0x000208         0x65 build/24FJ128GB202/production/mcc_generated_files/i2c2.o
 .debug_str       0x00026d         0x34 build/24FJ128GB202/production/main.o
 .debug_str       0x0002a1         0x7d build/24FJ128GB202/production/UserCommands.o
 .debug_str       0x00031e         0x62 build/24FJ128GB202/production/Serial.o
 .debug_str       0x000380         0x3e build/24FJ128GB202/production/iLCD.o

.debug_loc
 *(.debug_loc)

.debug_macinfo
 *(.debug_macinfo)

.debug_pubnames
                  0x000000       0x10c6
 *(.debug_pubnames)
 .debug_pubnames
                  0x000000         0x2d build/24FJ128GB202/production/mcc_generated_files/pin_manager.o
 .debug_pubnames
                  0x00002d         0x42 build/24FJ128GB202/production/mcc_generated_files/mcc.o
 .debug_pubnames
                  0x00006f        0x320 build/24FJ128GB202/production/mcc_generated_files/uart3.o
 .debug_pubnames
                  0x00038f        0x306 build/24FJ128GB202/production/mcc_generated_files/uart2.o
 .debug_pubnames
                  0x000695        0x301 build/24FJ128GB202/production/mcc_generated_files/uart1.o
 .debug_pubnames
                  0x000996        0x231 build/24FJ128GB202/production/mcc_generated_files/tmr1.o
 .debug_pubnames
                  0x000bc7         0x2b build/24FJ128GB202/production/mcc_generated_files/interrupt_manager.o
 .debug_pubnames
                  0x000bf2        0x1f6 build/24FJ128GB202/production/mcc_generated_files/i2c2.o
 .debug_pubnames
                  0x000de8         0x3c build/24FJ128GB202/production/main.o
 .debug_pubnames
                  0x000e24         0xb1 build/24FJ128GB202/production/UserCommands.o
 .debug_pubnames
                  0x000ed5         0x87 build/24FJ128GB202/production/Serial.o
 .debug_pubnames
                  0x000f5c        0x129 build/24FJ128GB202/production/iLCD.o
 .debug_pubnames
                  0x001085         0x41 build/24FJ128GB202/production/LCDMenu.o

.debug_ranges
 *(.debug_ranges)

.debug_aranges    0x000000        0x138
 *(.debug_aranges)
 .debug_aranges
                  0x000000         0x18 build/24FJ128GB202/production/mcc_generated_files/pin_manager.o
 .debug_aranges
                  0x000018         0x18 build/24FJ128GB202/production/mcc_generated_files/mcc.o
 .debug_aranges
                  0x000030         0x18 build/24FJ128GB202/production/mcc_generated_files/uart3.o
 .debug_aranges
                  0x000048         0x18 build/24FJ128GB202/production/mcc_generated_files/uart2.o
 .debug_aranges
                  0x000060         0x18 build/24FJ128GB202/production/mcc_generated_files/uart1.o
 .debug_aranges
                  0x000078         0x18 build/24FJ128GB202/production/mcc_generated_files/tmr1.o
 .debug_aranges
                  0x000090         0x18 build/24FJ128GB202/production/mcc_generated_files/interrupt_manager.o
 .debug_aranges
                  0x0000a8         0x18 build/24FJ128GB202/production/mcc_generated_files/i2c2.o
 .debug_aranges
                  0x0000c0         0x18 build/24FJ128GB202/production/main.o
 .debug_aranges
                  0x0000d8         0x18 build/24FJ128GB202/production/UserCommands.o
 .debug_aranges
                  0x0000f0         0x18 build/24FJ128GB202/production/Serial.o
 .debug_aranges
                  0x000108         0x18 build/24FJ128GB202/production/iLCD.o
 .debug_aranges
                  0x000120         0x18 build/24FJ128GB202/production/LCDMenu.o

.ivt              0x000004         0xfc
                  0x000004          0x4 LONG 0x2d2 DEFINED (__ReservedTrap0)?ABSOLUTE (__ReservedTrap0):ABSOLUTE (__DefaultInterrupt)
                  0x000006          0x4 LONG 0x2d2 DEFINED (__OscillatorFail)?ABSOLUTE (__OscillatorFail):ABSOLUTE (__DefaultInterrupt)
                  0x000008          0x4 LONG 0x2d2 DEFINED (__AddressError)?ABSOLUTE (__AddressError):ABSOLUTE (__DefaultInterrupt)
                  0x00000a          0x4 LONG 0x2d2 DEFINED (__StackError)?ABSOLUTE (__StackError):ABSOLUTE (__DefaultInterrupt)
                  0x00000c          0x4 LONG 0x2d2 DEFINED (__MathError)?ABSOLUTE (__MathError):ABSOLUTE (__DefaultInterrupt)
                  0x00000e          0x4 LONG 0x2d2 DEFINED (__ReservedTrap5)?ABSOLUTE (__ReservedTrap5):ABSOLUTE (__DefaultInterrupt)
                  0x000010          0x4 LONG 0x2d2 DEFINED (__ReservedTrap6)?ABSOLUTE (__ReservedTrap6):ABSOLUTE (__DefaultInterrupt)
                  0x000012          0x4 LONG 0x2d2 DEFINED (__ReservedTrap7)?ABSOLUTE (__ReservedTrap7):ABSOLUTE (__DefaultInterrupt)
                  0x000014          0x4 LONG 0x2d2 DEFINED (__INT0Interrupt)?ABSOLUTE (__INT0Interrupt):ABSOLUTE (__DefaultInterrupt)
                  0x000016          0x4 LONG 0x2d2 DEFINED (__IC1Interrupt)?ABSOLUTE (__IC1Interrupt):ABSOLUTE (__DefaultInterrupt)
                  0x000018          0x4 LONG 0x2d2 DEFINED (__OC1Interrupt)?ABSOLUTE (__OC1Interrupt):ABSOLUTE (__DefaultInterrupt)
                  0x00001a          0x4 LONG 0x2600 DEFINED (__T1Interrupt)?ABSOLUTE (__T1Interrupt):ABSOLUTE (__DefaultInterrupt)
                  0x00001c          0x4 LONG 0x2d2 DEFINED (__DMA0Interrupt)?ABSOLUTE (__DMA0Interrupt):ABSOLUTE (__DefaultInterrupt)
                  0x00001e          0x4 LONG 0x2d2 DEFINED (__IC2Interrupt)?ABSOLUTE (__IC2Interrupt):ABSOLUTE (__DefaultInterrupt)
                  0x000020          0x4 LONG 0x2d2 DEFINED (__OC2Interrupt)?ABSOLUTE (__OC2Interrupt):ABSOLUTE (__DefaultInterrupt)
                  0x000022          0x4 LONG 0x2d2 DEFINED (__T2Interrupt)?ABSOLUTE (__T2Interrupt):ABSOLUTE (__DefaultInterrupt)
                  0x000024          0x4 LONG 0x2d2 DEFINED (__T3Interrupt)?ABSOLUTE (__T3Interrupt):ABSOLUTE (__DefaultInterrupt)
                  0x000026          0x4 LONG 0x2d2 DEFINED (__SPI1Interrupt)?ABSOLUTE (__SPI1Interrupt):ABSOLUTE (__DefaultInterrupt)
                  0x000028          0x4 LONG 0x2d2 DEFINED (__SPI1TXInterrupt)?ABSOLUTE (__SPI1TXInterrupt):ABSOLUTE (__DefaultInterrupt)
                  0x00002a          0x4 LONG 0x19fa DEFINED (__U1RXInterrupt)?ABSOLUTE (__U1RXInterrupt):ABSOLUTE (__DefaultInterrupt)
                  0x00002c          0x4 LONG 0x19a0 DEFINED (__U1TXInterrupt)?ABSOLUTE (__U1TXInterrupt):ABSOLUTE (__DefaultInterrupt)
                  0x00002e          0x4 LONG 0x2d2 DEFINED (__ADC1Interrupt)?ABSOLUTE (__ADC1Interrupt):ABSOLUTE (__DefaultInterrupt)
                  0x000030          0x4 LONG 0x2d2 DEFINED (__DMA1Interrupt)?ABSOLUTE (__DMA1Interrupt):ABSOLUTE (__DefaultInterrupt)
                  0x000032          0x4 LONG 0x2d2 DEFINED (__Interrupt15)?ABSOLUTE (__Interrupt15):ABSOLUTE (__DefaultInterrupt)
                  0x000034          0x4 LONG 0x2d2 DEFINED (__SI2C1Interrupt)?ABSOLUTE (__SI2C1Interrupt):ABSOLUTE (__DefaultInterrupt)
                  0x000036          0x4 LONG 0x2d2 DEFINED (__MI2C1Interrupt)?ABSOLUTE (__MI2C1Interrupt):ABSOLUTE (__DefaultInterrupt)
                  0x000038          0x4 LONG 0x2d2 DEFINED (__CompInterrupt)?ABSOLUTE (__CompInterrupt):ABSOLUTE (__DefaultInterrupt)
                  0x00003a          0x4 LONG 0x2d2 DEFINED (__CNInterrupt)?ABSOLUTE (__CNInterrupt):ABSOLUTE (__DefaultInterrupt)
                  0x00003c          0x4 LONG 0x2d2 DEFINED (__INT1Interrupt)?ABSOLUTE (__INT1Interrupt):ABSOLUTE (__DefaultInterrupt)
                  0x00003e          0x4 LONG 0x2d2 DEFINED (__Interrupt21)?ABSOLUTE (__Interrupt21):ABSOLUTE (__DefaultInterrupt)
                  0x000040          0x4 LONG 0x2d2 DEFINED (__Interrupt22)?ABSOLUTE (__Interrupt22):ABSOLUTE (__DefaultInterrupt)
                  0x000042          0x4 LONG 0x2d2 DEFINED (__Interrupt23)?ABSOLUTE (__Interrupt23):ABSOLUTE (__DefaultInterrupt)
                  0x000044          0x4 LONG 0x2d2 DEFINED (__DMA2Interrupt)?ABSOLUTE (__DMA2Interrupt):ABSOLUTE (__DefaultInterrupt)
                  0x000046          0x4 LONG 0x2d2 DEFINED (__OC3Interrupt)?ABSOLUTE (__OC3Interrupt):ABSOLUTE (__DefaultInterrupt)
                  0x000048          0x4 LONG 0x2d2 DEFINED (__OC4Interrupt)?ABSOLUTE (__OC4Interrupt):ABSOLUTE (__DefaultInterrupt)
                  0x00004a          0x4 LONG 0x2d2 DEFINED (__T4Interrupt)?ABSOLUTE (__T4Interrupt):ABSOLUTE (__DefaultInterrupt)
                  0x00004c          0x4 LONG 0x2d2 DEFINED (__T5Interrupt)?ABSOLUTE (__T5Interrupt):ABSOLUTE (__DefaultInterrupt)
                  0x00004e          0x4 LONG 0x2d2 DEFINED (__INT2Interrupt)?ABSOLUTE (__INT2Interrupt):ABSOLUTE (__DefaultInterrupt)
                  0x000050          0x4 LONG 0x1d8e DEFINED (__U2RXInterrupt)?ABSOLUTE (__U2RXInterrupt):ABSOLUTE (__DefaultInterrupt)
                  0x000052          0x4 LONG 0x2d2 DEFINED (__U2TXInterrupt)?ABSOLUTE (__U2TXInterrupt):ABSOLUTE (__DefaultInterrupt)
                  0x000054          0x4 LONG 0x2d2 DEFINED (__SPI2Interrupt)?ABSOLUTE (__SPI2Interrupt):ABSOLUTE (__DefaultInterrupt)
                  0x000056          0x4 LONG 0x2d2 DEFINED (__SPI2TXInterrupt)?ABSOLUTE (__SPI2TXInterrupt):ABSOLUTE (__DefaultInterrupt)
                  0x000058          0x4 LONG 0x2d2 DEFINED (__Interrupt34)?ABSOLUTE (__Interrupt34):ABSOLUTE (__DefaultInterrupt)
                  0x00005a          0x4 LONG 0x2d2 DEFINED (__Interrupt35)?ABSOLUTE (__Interrupt35):ABSOLUTE (__DefaultInterrupt)
                  0x00005c          0x4 LONG 0x2d2 DEFINED (__DMA3Interrupt)?ABSOLUTE (__DMA3Interrupt):ABSOLUTE (__DefaultInterrupt)
                  0x00005e          0x4 LONG 0x2d2 DEFINED (__IC3Interrupt)?ABSOLUTE (__IC3Interrupt):ABSOLUTE (__DefaultInterrupt)
                  0x000060          0x4 LONG 0x2d2 DEFINED (__IC4Interrupt)?ABSOLUTE (__IC4Interrupt):ABSOLUTE (__DefaultInterrupt)
                  0x000062          0x4 LONG 0x2d2 DEFINED (__IC5Interrupt)?ABSOLUTE (__IC5Interrupt):ABSOLUTE (__DefaultInterrupt)
                  0x000064          0x4 LONG 0x2d2 DEFINED (__IC6Interrupt)?ABSOLUTE (__IC6Interrupt):ABSOLUTE (__DefaultInterrupt)
                  0x000066          0x4 LONG 0x2d2 DEFINED (__OC5Interrupt)?ABSOLUTE (__OC5Interrupt):ABSOLUTE (__DefaultInterrupt)
                  0x000068          0x4 LONG 0x2d2 DEFINED (__OC6Interrupt)?ABSOLUTE (__OC6Interrupt):ABSOLUTE (__DefaultInterrupt)
                  0x00006a          0x4 LONG 0x2d2 DEFINED (__Interrupt43)?ABSOLUTE (__Interrupt43):ABSOLUTE (__DefaultInterrupt)
                  0x00006c          0x4 LONG 0x2d2 DEFINED (__Interrupt44)?ABSOLUTE (__Interrupt44):ABSOLUTE (__DefaultInterrupt)
                  0x00006e          0x4 LONG 0x2d2 DEFINED (__PMPInterrupt)?ABSOLUTE (__PMPInterrupt):ABSOLUTE (__DefaultInterrupt)
                  0x000070          0x4 LONG 0x2d2 DEFINED (__DMA4Interrupt)?ABSOLUTE (__DMA4Interrupt):ABSOLUTE (__DefaultInterrupt)
                  0x000072          0x4 LONG 0x2d2 DEFINED (__Interrupt47)?ABSOLUTE (__Interrupt47):ABSOLUTE (__DefaultInterrupt)
                  0x000074          0x4 LONG 0x2d2 DEFINED (__Interrupt48)?ABSOLUTE (__Interrupt48):ABSOLUTE (__DefaultInterrupt)
                  0x000076          0x4 LONG 0x2d2 DEFINED (__SI2C2Interrupt)?ABSOLUTE (__SI2C2Interrupt):ABSOLUTE (__DefaultInterrupt)
                  0x000078          0x4 LONG 0x1006 DEFINED (__MI2C2Interrupt)?ABSOLUTE (__MI2C2Interrupt):ABSOLUTE (__DefaultInterrupt)
                  0x00007a          0x4 LONG 0x2d2 DEFINED (__Interrupt51)?ABSOLUTE (__Interrupt51):ABSOLUTE (__DefaultInterrupt)
                  0x00007c          0x4 LONG 0x2d2 DEFINED (__Interrupt52)?ABSOLUTE (__Interrupt52):ABSOLUTE (__DefaultInterrupt)
                  0x00007e          0x4 LONG 0x2d2 DEFINED (__INT3Interrupt)?ABSOLUTE (__INT3Interrupt):ABSOLUTE (__DefaultInterrupt)
                  0x000080          0x4 LONG 0x2d2 DEFINED (__INT4Interrupt)?ABSOLUTE (__INT4Interrupt):ABSOLUTE (__DefaultInterrupt)
                  0x000082          0x4 LONG 0x2d2 DEFINED (__CRYPTOInterrupt)?ABSOLUTE (__CRYPTOInterrupt):ABSOLUTE (__DefaultInterrupt)
                  0x000084          0x4 LONG 0x2d2 DEFINED (__CRYPTOKeyInterrupt)?ABSOLUTE (__CRYPTOKeyInterrupt):ABSOLUTE (__DefaultInterrupt)
                  0x000086          0x4 LONG 0x2d2 DEFINED (__Interrupt57)?ABSOLUTE (__Interrupt57):ABSOLUTE (__DefaultInterrupt)
                  0x000088          0x4 LONG 0x2d2 DEFINED (__SPI1RXInterrupt)?ABSOLUTE (__SPI1RXInterrupt):ABSOLUTE (__DefaultInterrupt)
                  0x00008a          0x4 LONG 0x2d2 DEFINED (__SPI2RXInterrupt)?ABSOLUTE (__SPI2RXInterrupt):ABSOLUTE (__DefaultInterrupt)
                  0x00008c          0x4 LONG 0x2d2 DEFINED (__SPI3RXInterrupt)?ABSOLUTE (__SPI3RXInterrupt):ABSOLUTE (__DefaultInterrupt)
                  0x00008e          0x4 LONG 0x2d2 DEFINED (__DMA5Interrupt)?ABSOLUTE (__DMA5Interrupt):ABSOLUTE (__DefaultInterrupt)
                  0x000090          0x4 LONG 0x2d2 DEFINED (__RTCCInterrupt)?ABSOLUTE (__RTCCInterrupt):ABSOLUTE (__DefaultInterrupt)
                  0x000092          0x4 LONG 0x2d2 DEFINED (__Interrupt63)?ABSOLUTE (__Interrupt63):ABSOLUTE (__DefaultInterrupt)
                  0x000094          0x4 LONG 0x2d2 DEFINED (__Interrupt64)?ABSOLUTE (__Interrupt64):ABSOLUTE (__DefaultInterrupt)
                  0x000096          0x4 LONG 0x1a56 DEFINED (__U1ErrInterrupt)?ABSOLUTE (__U1ErrInterrupt):ABSOLUTE (__DefaultInterrupt)
                  0x000098          0x4 LONG 0x1dea DEFINED (__U2ErrInterrupt)?ABSOLUTE (__U2ErrInterrupt):ABSOLUTE (__DefaultInterrupt)
                  0x00009a          0x4 LONG 0x2d2 DEFINED (__CRCInterrupt)?ABSOLUTE (__CRCInterrupt):ABSOLUTE (__DefaultInterrupt)
                  0x00009c          0x4 LONG 0x2d2 DEFINED (__Interrupt68)?ABSOLUTE (__Interrupt68):ABSOLUTE (__DefaultInterrupt)
                  0x00009e          0x4 LONG 0x2d2 DEFINED (__Interrupt69)?ABSOLUTE (__Interrupt69):ABSOLUTE (__DefaultInterrupt)
                  0x0000a0          0x4 LONG 0x2d2 DEFINED (__Interrupt70)?ABSOLUTE (__Interrupt70):ABSOLUTE (__DefaultInterrupt)
                  0x0000a2          0x4 LONG 0x2d2 DEFINED (__Interrupt71)?ABSOLUTE (__Interrupt71):ABSOLUTE (__DefaultInterrupt)
                  0x0000a4          0x4 LONG 0x2d2 DEFINED (__LVDInterrupt)?ABSOLUTE (__LVDInterrupt):ABSOLUTE (__DefaultInterrupt)
                  0x0000a6          0x4 LONG 0x2d2 DEFINED (__Interrupt73)?ABSOLUTE (__Interrupt73):ABSOLUTE (__DefaultInterrupt)
                  0x0000a8          0x4 LONG 0x2d2 DEFINED (__Interrupt74)?ABSOLUTE (__Interrupt74):ABSOLUTE (__DefaultInterrupt)
                  0x0000aa          0x4 LONG 0x2d2 DEFINED (__Interrupt75)?ABSOLUTE (__Interrupt75):ABSOLUTE (__DefaultInterrupt)
                  0x0000ac          0x4 LONG 0x2d2 DEFINED (__Interrupt76)?ABSOLUTE (__Interrupt76):ABSOLUTE (__DefaultInterrupt)
                  0x0000ae          0x4 LONG 0x2d2 DEFINED (__CTMUInterrupt)?ABSOLUTE (__CTMUInterrupt):ABSOLUTE (__DefaultInterrupt)
                  0x0000b0          0x4 LONG 0x2d2 DEFINED (__Interrupt78)?ABSOLUTE (__Interrupt78):ABSOLUTE (__DefaultInterrupt)
                  0x0000b2          0x4 LONG 0x2d2 DEFINED (__Interrupt79)?ABSOLUTE (__Interrupt79):ABSOLUTE (__DefaultInterrupt)
                  0x0000b4          0x4 LONG 0x2d2 DEFINED (__Interrupt80)?ABSOLUTE (__Interrupt80):ABSOLUTE (__DefaultInterrupt)
                  0x0000b6          0x4 LONG 0x2d2 DEFINED (__U3ErrInterrupt)?ABSOLUTE (__U3ErrInterrupt):ABSOLUTE (__DefaultInterrupt)
                  0x0000b8          0x4 LONG 0x2102 DEFINED (__U3RXInterrupt)?ABSOLUTE (__U3RXInterrupt):ABSOLUTE (__DefaultInterrupt)
                  0x0000ba          0x4 LONG 0x2d2 DEFINED (__U3TXInterrupt)?ABSOLUTE (__U3TXInterrupt):ABSOLUTE (__DefaultInterrupt)
                  0x0000bc          0x4 LONG 0x2d2 DEFINED (__I2C1BCLInterrupt)?ABSOLUTE (__I2C1BCLInterrupt):ABSOLUTE (__DefaultInterrupt)
                  0x0000be          0x4 LONG 0x2d2 DEFINED (__I2C2BCLInterrupt)?ABSOLUTE (__I2C2BCLInterrupt):ABSOLUTE (__DefaultInterrupt)
                  0x0000c0          0x4 LONG 0x2d2 DEFINED (__USB1Interrupt)?ABSOLUTE (__USB1Interrupt):ABSOLUTE (__DefaultInterrupt)
                  0x0000c2          0x4 LONG 0x2d2 DEFINED (__U4ErrInterrupt)?ABSOLUTE (__U4ErrInterrupt):ABSOLUTE (__DefaultInterrupt)
                  0x0000c4          0x4 LONG 0x2d2 DEFINED (__U4RXInterrupt)?ABSOLUTE (__U4RXInterrupt):ABSOLUTE (__DefaultInterrupt)
                  0x0000c6          0x4 LONG 0x2d2 DEFINED (__U4TXInterrupt)?ABSOLUTE (__U4TXInterrupt):ABSOLUTE (__DefaultInterrupt)
                  0x0000c8          0x4 LONG 0x2d2 DEFINED (__SPI3Interrupt)?ABSOLUTE (__SPI3Interrupt):ABSOLUTE (__DefaultInterrupt)
                  0x0000ca          0x4 LONG 0x2d2 DEFINED (__SPI3TXInterrupt)?ABSOLUTE (__SPI3TXInterrupt):ABSOLUTE (__DefaultInterrupt)
                  0x0000cc          0x4 LONG 0x2d2 DEFINED (__Interrupt92)?ABSOLUTE (__Interrupt92):ABSOLUTE (__DefaultInterrupt)
                  0x0000ce          0x4 LONG 0x2d2 DEFINED (__Interrupt93)?ABSOLUTE (__Interrupt93):ABSOLUTE (__DefaultInterrupt)
                  0x0000d0          0x4 LONG 0x2d2 DEFINED (__Interrupt94)?ABSOLUTE (__Interrupt94):ABSOLUTE (__DefaultInterrupt)
                  0x0000d2          0x4 LONG 0x2d2 DEFINED (__Interrupt95)?ABSOLUTE (__Interrupt95):ABSOLUTE (__DefaultInterrupt)
                  0x0000d4          0x4 LONG 0x2d2 DEFINED (__Interrupt96)?ABSOLUTE (__Interrupt96):ABSOLUTE (__DefaultInterrupt)
                  0x0000d6          0x4 LONG 0x2d2 DEFINED (__Interrupt97)?ABSOLUTE (__Interrupt97):ABSOLUTE (__DefaultInterrupt)
                  0x0000d8          0x4 LONG 0x2d2 DEFINED (__Interrupt98)?ABSOLUTE (__Interrupt98):ABSOLUTE (__DefaultInterrupt)
                  0x0000da          0x4 LONG 0x2d2 DEFINED (__Interrupt99)?ABSOLUTE (__Interrupt99):ABSOLUTE (__DefaultInterrupt)
                  0x0000dc          0x4 LONG 0x2d2 DEFINED (__Interrupt100)?ABSOLUTE (__Interrupt100):ABSOLUTE (__DefaultInterrupt)
                  0x0000de          0x4 LONG 0x2d2 DEFINED (__Interrupt101)?ABSOLUTE (__Interrupt101):ABSOLUTE (__DefaultInterrupt)
                  0x0000e0          0x4 LONG 0x2d2 DEFINED (__Interrupt102)?ABSOLUTE (__Interrupt102):ABSOLUTE (__DefaultInterrupt)
                  0x0000e2          0x4 LONG 0x2d2 DEFINED (__Interrupt103)?ABSOLUTE (__Interrupt103):ABSOLUTE (__DefaultInterrupt)
                  0x0000e4          0x4 LONG 0x2d2 DEFINED (__Interrupt104)?ABSOLUTE (__Interrupt104):ABSOLUTE (__DefaultInterrupt)
                  0x0000e6          0x4 LONG 0x2d2 DEFINED (__Interrupt105)?ABSOLUTE (__Interrupt105):ABSOLUTE (__DefaultInterrupt)
                  0x0000e8          0x4 LONG 0x2d2 DEFINED (__FSTInterrupt)?ABSOLUTE (__FSTInterrupt):ABSOLUTE (__DefaultInterrupt)
                  0x0000ea          0x4 LONG 0x2d2 DEFINED (__Interrupt107)?ABSOLUTE (__Interrupt107):ABSOLUTE (__DefaultInterrupt)
                  0x0000ec          0x4 LONG 0x2d2 DEFINED (__Interrupt108)?ABSOLUTE (__Interrupt108):ABSOLUTE (__DefaultInterrupt)
                  0x0000ee          0x4 LONG 0x2d2 DEFINED (__Interrupt109)?ABSOLUTE (__Interrupt109):ABSOLUTE (__DefaultInterrupt)
                  0x0000f0          0x4 LONG 0x2d2 DEFINED (__Interrupt110)?ABSOLUTE (__Interrupt110):ABSOLUTE (__DefaultInterrupt)
                  0x0000f2          0x4 LONG 0x2d2 DEFINED (__Interrupt111)?ABSOLUTE (__Interrupt111):ABSOLUTE (__DefaultInterrupt)
                  0x0000f4          0x4 LONG 0x2d2 DEFINED (__Interrupt112)?ABSOLUTE (__Interrupt112):ABSOLUTE (__DefaultInterrupt)
                  0x0000f6          0x4 LONG 0x2d2 DEFINED (__Interrupt113)?ABSOLUTE (__Interrupt113):ABSOLUTE (__DefaultInterrupt)
                  0x0000f8          0x4 LONG 0x2d2 DEFINED (__Interrupt114)?ABSOLUTE (__Interrupt114):ABSOLUTE (__DefaultInterrupt)
                  0x0000fa          0x4 LONG 0x2d2 DEFINED (__Interrupt115)?ABSOLUTE (__Interrupt115):ABSOLUTE (__DefaultInterrupt)
                  0x0000fc          0x4 LONG 0x2d2 DEFINED (__Interrupt116)?ABSOLUTE (__Interrupt116):ABSOLUTE (__DefaultInterrupt)
                  0x0000fe          0x4 LONG 0x2d2 DEFINED (__JTAGInterrupt)?ABSOLUTE (__JTAGInterrupt):ABSOLUTE (__DefaultInterrupt)

.aivt             0x000104         0xfc
                  0x000104          0x4 LONG 0x2d2 DEFINED (__AltReservedTrap0)?ABSOLUTE (__AltReservedTrap0):DEFINED (__ReservedTrap0)?ABSOLUTE (__ReservedTrap0):ABSOLUTE (__DefaultInterrupt)
                  0x000106          0x4 LONG 0x2d2 DEFINED (__AltOscillatorFail)?ABSOLUTE (__AltOscillatorFail):DEFINED (__OscillatorFail)?ABSOLUTE (__OscillatorFail):ABSOLUTE (__DefaultInterrupt)
                  0x000108          0x4 LONG 0x2d2 DEFINED (__AltAddressError)?ABSOLUTE (__AltAddressError):DEFINED (__AddressError)?ABSOLUTE (__AddressError):ABSOLUTE (__DefaultInterrupt)
                  0x00010a          0x4 LONG 0x2d2 DEFINED (__AltStackError)?ABSOLUTE (__AltStackError):DEFINED (__StackError)?ABSOLUTE (__StackError):ABSOLUTE (__DefaultInterrupt)
                  0x00010c          0x4 LONG 0x2d2 DEFINED (__AltMathError)?ABSOLUTE (__AltMathError):DEFINED (__MathError)?ABSOLUTE (__MathError):ABSOLUTE (__DefaultInterrupt)
                  0x00010e          0x4 LONG 0x2d2 DEFINED (__AltReservedTrap5)?ABSOLUTE (__AltReservedTrap5):DEFINED (__ReservedTrap5)?ABSOLUTE (__ReservedTrap5):ABSOLUTE (__DefaultInterrupt)
                  0x000110          0x4 LONG 0x2d2 DEFINED (__AltReservedTrap6)?ABSOLUTE (__AltReservedTrap6):DEFINED (__ReservedTrap6)?ABSOLUTE (__ReservedTrap6):ABSOLUTE (__DefaultInterrupt)
                  0x000112          0x4 LONG 0x2d2 DEFINED (__AltReservedTrap7)?ABSOLUTE (__AltReservedTrap7):DEFINED (__ReservedTrap7)?ABSOLUTE (__ReservedTrap7):ABSOLUTE (__DefaultInterrupt)
                  0x000114          0x4 LONG 0x2d2 DEFINED (__AltINT0Interrupt)?ABSOLUTE (__AltINT0Interrupt):DEFINED (__INT0Interrupt)?ABSOLUTE (__INT0Interrupt):ABSOLUTE (__DefaultInterrupt)
                  0x000116          0x4 LONG 0x2d2 DEFINED (__AltIC1Interrupt)?ABSOLUTE (__AltIC1Interrupt):DEFINED (__IC1Interrupt)?ABSOLUTE (__IC1Interrupt):ABSOLUTE (__DefaultInterrupt)
                  0x000118          0x4 LONG 0x2d2 DEFINED (__AltOC1Interrupt)?ABSOLUTE (__AltOC1Interrupt):DEFINED (__OC1Interrupt)?ABSOLUTE (__OC1Interrupt):ABSOLUTE (__DefaultInterrupt)
                  0x00011a          0x4 LONG 0x2600 DEFINED (__AltT1Interrupt)?ABSOLUTE (__AltT1Interrupt):DEFINED (__T1Interrupt)?ABSOLUTE (__T1Interrupt):ABSOLUTE (__DefaultInterrupt)
                  0x00011c          0x4 LONG 0x2d2 DEFINED (__AltDMA0Interrupt)?ABSOLUTE (__AltDMA0Interrupt):DEFINED (__DMA0Interrupt)?ABSOLUTE (__DMA0Interrupt):ABSOLUTE (__DefaultInterrupt)
                  0x00011e          0x4 LONG 0x2d2 DEFINED (__AltIC2Interrupt)?ABSOLUTE (__AltIC2Interrupt):DEFINED (__IC2Interrupt)?ABSOLUTE (__IC2Interrupt):ABSOLUTE (__DefaultInterrupt)
                  0x000120          0x4 LONG 0x2d2 DEFINED (__AltOC2Interrupt)?ABSOLUTE (__AltOC2Interrupt):DEFINED (__OC2Interrupt)?ABSOLUTE (__OC2Interrupt):ABSOLUTE (__DefaultInterrupt)
                  0x000122          0x4 LONG 0x2d2 DEFINED (__AltT2Interrupt)?ABSOLUTE (__AltT2Interrupt):DEFINED (__T2Interrupt)?ABSOLUTE (__T2Interrupt):ABSOLUTE (__DefaultInterrupt)
                  0x000124          0x4 LONG 0x2d2 DEFINED (__AltT3Interrupt)?ABSOLUTE (__AltT3Interrupt):DEFINED (__T3Interrupt)?ABSOLUTE (__T3Interrupt):ABSOLUTE (__DefaultInterrupt)
                  0x000126          0x4 LONG 0x2d2 DEFINED (__AltSPI1Interrupt)?ABSOLUTE (__AltSPI1Interrupt):DEFINED (__SPI1Interrupt)?ABSOLUTE (__SPI1Interrupt):ABSOLUTE (__DefaultInterrupt)
                  0x000128          0x4 LONG 0x2d2 DEFINED (__AltSPI1TXInterrupt)?ABSOLUTE (__AltSPI1TXInterrupt):DEFINED (__SPI1TXInterrupt)?ABSOLUTE (__SPI1TXInterrupt):ABSOLUTE (__DefaultInterrupt)
                  0x00012a          0x4 LONG 0x19fa DEFINED (__AltU1RXInterrupt)?ABSOLUTE (__AltU1RXInterrupt):DEFINED (__U1RXInterrupt)?ABSOLUTE (__U1RXInterrupt):ABSOLUTE (__DefaultInterrupt)
                  0x00012c          0x4 LONG 0x19a0 DEFINED (__AltU1TXInterrupt)?ABSOLUTE (__AltU1TXInterrupt):DEFINED (__U1TXInterrupt)?ABSOLUTE (__U1TXInterrupt):ABSOLUTE (__DefaultInterrupt)
                  0x00012e          0x4 LONG 0x2d2 DEFINED (__AltADC1Interrupt)?ABSOLUTE (__AltADC1Interrupt):DEFINED (__ADC1Interrupt)?ABSOLUTE (__ADC1Interrupt):ABSOLUTE (__DefaultInterrupt)
                  0x000130          0x4 LONG 0x2d2 DEFINED (__AltDMA1Interrupt)?ABSOLUTE (__AltDMA1Interrupt):DEFINED (__DMA1Interrupt)?ABSOLUTE (__DMA1Interrupt):ABSOLUTE (__DefaultInterrupt)
                  0x000132          0x4 LONG 0x2d2 DEFINED (__AltInterrupt15)?ABSOLUTE (__AltInterrupt15):DEFINED (__Interrupt15)?ABSOLUTE (__Interrupt15):ABSOLUTE (__DefaultInterrupt)
                  0x000134          0x4 LONG 0x2d2 DEFINED (__AltSI2C1Interrupt)?ABSOLUTE (__AltSI2C1Interrupt):DEFINED (__SI2C1Interrupt)?ABSOLUTE (__SI2C1Interrupt):ABSOLUTE (__DefaultInterrupt)
                  0x000136          0x4 LONG 0x2d2 DEFINED (__AltMI2C1Interrupt)?ABSOLUTE (__AltMI2C1Interrupt):DEFINED (__MI2C1Interrupt)?ABSOLUTE (__MI2C1Interrupt):ABSOLUTE (__DefaultInterrupt)
                  0x000138          0x4 LONG 0x2d2 DEFINED (__AltCompInterrupt)?ABSOLUTE (__AltCompInterrupt):DEFINED (__CompInterrupt)?ABSOLUTE (__CompInterrupt):ABSOLUTE (__DefaultInterrupt)
                  0x00013a          0x4 LONG 0x2d2 DEFINED (__AltCNInterrupt)?ABSOLUTE (__AltCNInterrupt):DEFINED (__CNInterrupt)?ABSOLUTE (__CNInterrupt):ABSOLUTE (__DefaultInterrupt)
                  0x00013c          0x4 LONG 0x2d2 DEFINED (__AltINT1Interrupt)?ABSOLUTE (__AltINT1Interrupt):DEFINED (__INT1Interrupt)?ABSOLUTE (__INT1Interrupt):ABSOLUTE (__DefaultInterrupt)
                  0x00013e          0x4 LONG 0x2d2 DEFINED (__AltInterrupt21)?ABSOLUTE (__AltInterrupt21):DEFINED (__Interrupt21)?ABSOLUTE (__Interrupt21):ABSOLUTE (__DefaultInterrupt)
                  0x000140          0x4 LONG 0x2d2 DEFINED (__AltInterrupt22)?ABSOLUTE (__AltInterrupt22):DEFINED (__Interrupt22)?ABSOLUTE (__Interrupt22):ABSOLUTE (__DefaultInterrupt)
                  0x000142          0x4 LONG 0x2d2 DEFINED (__AltInterrupt23)?ABSOLUTE (__AltInterrupt23):DEFINED (__Interrupt23)?ABSOLUTE (__Interrupt23):ABSOLUTE (__DefaultInterrupt)
                  0x000144          0x4 LONG 0x2d2 DEFINED (__AltDMA2Interrupt)?ABSOLUTE (__AltDMA2Interrupt):DEFINED (__DMA2Interrupt)?ABSOLUTE (__DMA2Interrupt):ABSOLUTE (__DefaultInterrupt)
                  0x000146          0x4 LONG 0x2d2 DEFINED (__AltOC3Interrupt)?ABSOLUTE (__AltOC3Interrupt):DEFINED (__OC3Interrupt)?ABSOLUTE (__OC3Interrupt):ABSOLUTE (__DefaultInterrupt)
                  0x000148          0x4 LONG 0x2d2 DEFINED (__AltOC4Interrupt)?ABSOLUTE (__AltOC4Interrupt):DEFINED (__OC4Interrupt)?ABSOLUTE (__OC4Interrupt):ABSOLUTE (__DefaultInterrupt)
                  0x00014a          0x4 LONG 0x2d2 DEFINED (__AltT4Interrupt)?ABSOLUTE (__AltT4Interrupt):DEFINED (__T4Interrupt)?ABSOLUTE (__T4Interrupt):ABSOLUTE (__DefaultInterrupt)
                  0x00014c          0x4 LONG 0x2d2 DEFINED (__AltT5Interrupt)?ABSOLUTE (__AltT5Interrupt):DEFINED (__T5Interrupt)?ABSOLUTE (__T5Interrupt):ABSOLUTE (__DefaultInterrupt)
                  0x00014e          0x4 LONG 0x2d2 DEFINED (__AltINT2Interrupt)?ABSOLUTE (__AltINT2Interrupt):DEFINED (__INT2Interrupt)?ABSOLUTE (__INT2Interrupt):ABSOLUTE (__DefaultInterrupt)
                  0x000150          0x4 LONG 0x1d8e DEFINED (__AltU2RXInterrupt)?ABSOLUTE (__AltU2RXInterrupt):DEFINED (__U2RXInterrupt)?ABSOLUTE (__U2RXInterrupt):ABSOLUTE (__DefaultInterrupt)
                  0x000152          0x4 LONG 0x2d2 DEFINED (__AltU2TXInterrupt)?ABSOLUTE (__AltU2TXInterrupt):DEFINED (__U2TXInterrupt)?ABSOLUTE (__U2TXInterrupt):ABSOLUTE (__DefaultInterrupt)
                  0x000154          0x4 LONG 0x2d2 DEFINED (__AltSPI2Interrupt)?ABSOLUTE (__AltSPI2Interrupt):DEFINED (__SPI2Interrupt)?ABSOLUTE (__SPI2Interrupt):ABSOLUTE (__DefaultInterrupt)
                  0x000156          0x4 LONG 0x2d2 DEFINED (__AltSPI2TXInterrupt)?ABSOLUTE (__AltSPI2TXInterrupt):DEFINED (__SPI2TXInterrupt)?ABSOLUTE (__SPI2TXInterrupt):ABSOLUTE (__DefaultInterrupt)
                  0x000158          0x4 LONG 0x2d2 DEFINED (__AltInterrupt34)?ABSOLUTE (__AltInterrupt34):DEFINED (__Interrupt34)?ABSOLUTE (__Interrupt34):ABSOLUTE (__DefaultInterrupt)
                  0x00015a          0x4 LONG 0x2d2 DEFINED (__AltInterrupt35)?ABSOLUTE (__AltInterrupt35):DEFINED (__Interrupt35)?ABSOLUTE (__Interrupt35):ABSOLUTE (__DefaultInterrupt)
                  0x00015c          0x4 LONG 0x2d2 DEFINED (__AltDMA3Interrupt)?ABSOLUTE (__AltDMA3Interrupt):DEFINED (__DMA3Interrupt)?ABSOLUTE (__DMA3Interrupt):ABSOLUTE (__DefaultInterrupt)
                  0x00015e          0x4 LONG 0x2d2 DEFINED (__AltIC3Interrupt)?ABSOLUTE (__AltIC3Interrupt):DEFINED (__IC3Interrupt)?ABSOLUTE (__IC3Interrupt):ABSOLUTE (__DefaultInterrupt)
                  0x000160          0x4 LONG 0x2d2 DEFINED (__AltIC4Interrupt)?ABSOLUTE (__AltIC4Interrupt):DEFINED (__IC4Interrupt)?ABSOLUTE (__IC4Interrupt):ABSOLUTE (__DefaultInterrupt)
                  0x000162          0x4 LONG 0x2d2 DEFINED (__AltIC5Interrupt)?ABSOLUTE (__AltIC5Interrupt):DEFINED (__IC5Interrupt)?ABSOLUTE (__IC5Interrupt):ABSOLUTE (__DefaultInterrupt)
                  0x000164          0x4 LONG 0x2d2 DEFINED (__AltIC6Interrupt)?ABSOLUTE (__AltIC6Interrupt):DEFINED (__IC6Interrupt)?ABSOLUTE (__IC6Interrupt):ABSOLUTE (__DefaultInterrupt)
                  0x000166          0x4 LONG 0x2d2 DEFINED (__AltOC5Interrupt)?ABSOLUTE (__AltOC5Interrupt):DEFINED (__OC5Interrupt)?ABSOLUTE (__OC5Interrupt):ABSOLUTE (__DefaultInterrupt)
                  0x000168          0x4 LONG 0x2d2 DEFINED (__AltOC6Interrupt)?ABSOLUTE (__AltOC6Interrupt):DEFINED (__OC6Interrupt)?ABSOLUTE (__OC6Interrupt):ABSOLUTE (__DefaultInterrupt)
                  0x00016a          0x4 LONG 0x2d2 DEFINED (__AltInterrupt43)?ABSOLUTE (__AltInterrupt43):DEFINED (__Interrupt43)?ABSOLUTE (__Interrupt43):ABSOLUTE (__DefaultInterrupt)
                  0x00016c          0x4 LONG 0x2d2 DEFINED (__AltInterrupt44)?ABSOLUTE (__AltInterrupt44):DEFINED (__Interrupt44)?ABSOLUTE (__Interrupt44):ABSOLUTE (__DefaultInterrupt)
                  0x00016e          0x4 LONG 0x2d2 DEFINED (__AltPMPInterrupt)?ABSOLUTE (__AltPMPInterrupt):DEFINED (__PMPInterrupt)?ABSOLUTE (__PMPInterrupt):ABSOLUTE (__DefaultInterrupt)
                  0x000170          0x4 LONG 0x2d2 DEFINED (__AltDMA4Interrupt)?ABSOLUTE (__AltDMA4Interrupt):DEFINED (__DMA4Interrupt)?ABSOLUTE (__DMA4Interrupt):ABSOLUTE (__DefaultInterrupt)
                  0x000172          0x4 LONG 0x2d2 DEFINED (__AltInterrupt47)?ABSOLUTE (__AltInterrupt47):DEFINED (__Interrupt47)?ABSOLUTE (__Interrupt47):ABSOLUTE (__DefaultInterrupt)
                  0x000174          0x4 LONG 0x2d2 DEFINED (__AltInterrupt48)?ABSOLUTE (__AltInterrupt48):DEFINED (__Interrupt48)?ABSOLUTE (__Interrupt48):ABSOLUTE (__DefaultInterrupt)
                  0x000176          0x4 LONG 0x2d2 DEFINED (__AltSI2C2Interrupt)?ABSOLUTE (__AltSI2C2Interrupt):DEFINED (__SI2C2Interrupt)?ABSOLUTE (__SI2C2Interrupt):ABSOLUTE (__DefaultInterrupt)
                  0x000178          0x4 LONG 0x1006 DEFINED (__AltMI2C2Interrupt)?ABSOLUTE (__AltMI2C2Interrupt):DEFINED (__MI2C2Interrupt)?ABSOLUTE (__MI2C2Interrupt):ABSOLUTE (__DefaultInterrupt)
                  0x00017a          0x4 LONG 0x2d2 DEFINED (__AltInterrupt51)?ABSOLUTE (__AltInterrupt51):DEFINED (__Interrupt51)?ABSOLUTE (__Interrupt51):ABSOLUTE (__DefaultInterrupt)
                  0x00017c          0x4 LONG 0x2d2 DEFINED (__AltInterrupt52)?ABSOLUTE (__AltInterrupt52):DEFINED (__Interrupt52)?ABSOLUTE (__Interrupt52):ABSOLUTE (__DefaultInterrupt)
                  0x00017e          0x4 LONG 0x2d2 DEFINED (__AltINT3Interrupt)?ABSOLUTE (__AltINT3Interrupt):DEFINED (__INT3Interrupt)?ABSOLUTE (__INT3Interrupt):ABSOLUTE (__DefaultInterrupt)
                  0x000180          0x4 LONG 0x2d2 DEFINED (__AltINT4Interrupt)?ABSOLUTE (__AltINT4Interrupt):DEFINED (__INT4Interrupt)?ABSOLUTE (__INT4Interrupt):ABSOLUTE (__DefaultInterrupt)
                  0x000182          0x4 LONG 0x2d2 DEFINED (__AltCRYPTOInterrupt)?ABSOLUTE (__AltCRYPTOInterrupt):DEFINED (__CRYPTOInterrupt)?ABSOLUTE (__CRYPTOInterrupt):ABSOLUTE (__DefaultInterrupt)
                  0x000184          0x4 LONG 0x2d2 DEFINED (__AltCRYPTOKeyInterrupt)?ABSOLUTE (__AltCRYPTOKeyInterrupt):DEFINED (__CRYPTOKeyInterrupt)?ABSOLUTE (__CRYPTOKeyInterrupt):ABSOLUTE (__DefaultInterrupt)
                  0x000186          0x4 LONG 0x2d2 DEFINED (__AltInterrupt57)?ABSOLUTE (__AltInterrupt57):DEFINED (__Interrupt57)?ABSOLUTE (__Interrupt57):ABSOLUTE (__DefaultInterrupt)
                  0x000188          0x4 LONG 0x2d2 DEFINED (__AltSPI1RXInterrupt)?ABSOLUTE (__AltSPI1RXInterrupt):DEFINED (__SPI1RXInterrupt)?ABSOLUTE (__SPI1RXInterrupt):ABSOLUTE (__DefaultInterrupt)
                  0x00018a          0x4 LONG 0x2d2 DEFINED (__AltSPI2RXInterrupt)?ABSOLUTE (__AltSPI2RXInterrupt):DEFINED (__SPI2RXInterrupt)?ABSOLUTE (__SPI2RXInterrupt):ABSOLUTE (__DefaultInterrupt)
                  0x00018c          0x4 LONG 0x2d2 DEFINED (__AltSPI3RXInterrupt)?ABSOLUTE (__AltSPI3RXInterrupt):DEFINED (__SPI3RXInterrupt)?ABSOLUTE (__SPI3RXInterrupt):ABSOLUTE (__DefaultInterrupt)
                  0x00018e          0x4 LONG 0x2d2 DEFINED (__AltDMA5Interrupt)?ABSOLUTE (__AltDMA5Interrupt):DEFINED (__DMA5Interrupt)?ABSOLUTE (__DMA5Interrupt):ABSOLUTE (__DefaultInterrupt)
                  0x000190          0x4 LONG 0x2d2 DEFINED (__AltRTCCInterrupt)?ABSOLUTE (__AltRTCCInterrupt):DEFINED (__RTCCInterrupt)?ABSOLUTE (__RTCCInterrupt):ABSOLUTE (__DefaultInterrupt)
                  0x000192          0x4 LONG 0x2d2 DEFINED (__AltInterrupt63)?ABSOLUTE (__AltInterrupt63):DEFINED (__Interrupt63)?ABSOLUTE (__Interrupt63):ABSOLUTE (__DefaultInterrupt)
                  0x000194          0x4 LONG 0x2d2 DEFINED (__AltInterrupt64)?ABSOLUTE (__AltInterrupt64):DEFINED (__Interrupt64)?ABSOLUTE (__Interrupt64):ABSOLUTE (__DefaultInterrupt)
                  0x000196          0x4 LONG 0x1a56 DEFINED (__AltU1ErrInterrupt)?ABSOLUTE (__AltU1ErrInterrupt):DEFINED (__U1ErrInterrupt)?ABSOLUTE (__U1ErrInterrupt):ABSOLUTE (__DefaultInterrupt)
                  0x000198          0x4 LONG 0x1dea DEFINED (__AltU2ErrInterrupt)?ABSOLUTE (__AltU2ErrInterrupt):DEFINED (__U2ErrInterrupt)?ABSOLUTE (__U2ErrInterrupt):ABSOLUTE (__DefaultInterrupt)
                  0x00019a          0x4 LONG 0x2d2 DEFINED (__AltCRCInterrupt)?ABSOLUTE (__AltCRCInterrupt):DEFINED (__CRCInterrupt)?ABSOLUTE (__CRCInterrupt):ABSOLUTE (__DefaultInterrupt)
                  0x00019c          0x4 LONG 0x2d2 DEFINED (__AltInterrupt68)?ABSOLUTE (__AltInterrupt68):DEFINED (__Interrupt68)?ABSOLUTE (__Interrupt68):ABSOLUTE (__DefaultInterrupt)
                  0x00019e          0x4 LONG 0x2d2 DEFINED (__AltInterrupt69)?ABSOLUTE (__AltInterrupt69):DEFINED (__Interrupt69)?ABSOLUTE (__Interrupt69):ABSOLUTE (__DefaultInterrupt)
                  0x0001a0          0x4 LONG 0x2d2 DEFINED (__AltInterrupt70)?ABSOLUTE (__AltInterrupt70):DEFINED (__Interrupt70)?ABSOLUTE (__Interrupt70):ABSOLUTE (__DefaultInterrupt)
                  0x0001a2          0x4 LONG 0x2d2 DEFINED (__AltInterrupt71)?ABSOLUTE (__AltInterrupt71):DEFINED (__Interrupt71)?ABSOLUTE (__Interrupt71):ABSOLUTE (__DefaultInterrupt)
                  0x0001a4          0x4 LONG 0x2d2 DEFINED (__AltLVDInterrupt)?ABSOLUTE (__AltLVDInterrupt):DEFINED (__LVDInterrupt)?ABSOLUTE (__LVDInterrupt):ABSOLUTE (__DefaultInterrupt)
                  0x0001a6          0x4 LONG 0x2d2 DEFINED (__AltInterrupt73)?ABSOLUTE (__AltInterrupt73):DEFINED (__Interrupt73)?ABSOLUTE (__Interrupt73):ABSOLUTE (__DefaultInterrupt)
                  0x0001a8          0x4 LONG 0x2d2 DEFINED (__AltInterrupt74)?ABSOLUTE (__AltInterrupt74):DEFINED (__Interrupt74)?ABSOLUTE (__Interrupt74):ABSOLUTE (__DefaultInterrupt)
                  0x0001aa          0x4 LONG 0x2d2 DEFINED (__AltInterrupt75)?ABSOLUTE (__AltInterrupt75):DEFINED (__Interrupt75)?ABSOLUTE (__Interrupt75):ABSOLUTE (__DefaultInterrupt)
                  0x0001ac          0x4 LONG 0x2d2 DEFINED (__AltInterrupt76)?ABSOLUTE (__AltInterrupt76):DEFINED (__Interrupt76)?ABSOLUTE (__Interrupt76):ABSOLUTE (__DefaultInterrupt)
                  0x0001ae          0x4 LONG 0x2d2 DEFINED (__AltCTMUInterrupt)?ABSOLUTE (__AltCTMUInterrupt):DEFINED (__CTMUInterrupt)?ABSOLUTE (__CTMUInterrupt):ABSOLUTE (__DefaultInterrupt)
                  0x0001b0          0x4 LONG 0x2d2 DEFINED (__AltInterrupt78)?ABSOLUTE (__AltInterrupt78):DEFINED (__Interrupt78)?ABSOLUTE (__Interrupt78):ABSOLUTE (__DefaultInterrupt)
                  0x0001b2          0x4 LONG 0x2d2 DEFINED (__AltInterrupt79)?ABSOLUTE (__AltInterrupt79):DEFINED (__Interrupt79)?ABSOLUTE (__Interrupt79):ABSOLUTE (__DefaultInterrupt)
                  0x0001b4          0x4 LONG 0x2d2 DEFINED (__AltInterrupt80)?ABSOLUTE (__AltInterrupt80):DEFINED (__Interrupt80)?ABSOLUTE (__Interrupt80):ABSOLUTE (__DefaultInterrupt)
                  0x0001b6          0x4 LONG 0x2d2 DEFINED (__AltU3ErrInterrupt)?ABSOLUTE (__AltU3ErrInterrupt):DEFINED (__U3ErrInterrupt)?ABSOLUTE (__U3ErrInterrupt):ABSOLUTE (__DefaultInterrupt)
                  0x0001b8          0x4 LONG 0x2102 DEFINED (__AltU3RXInterrupt)?ABSOLUTE (__AltU3RXInterrupt):DEFINED (__U3RXInterrupt)?ABSOLUTE (__U3RXInterrupt):ABSOLUTE (__DefaultInterrupt)
                  0x0001ba          0x4 LONG 0x2d2 DEFINED (__AltU3TXInterrupt)?ABSOLUTE (__AltU3TXInterrupt):DEFINED (__U3TXInterrupt)?ABSOLUTE (__U3TXInterrupt):ABSOLUTE (__DefaultInterrupt)
                  0x0001bc          0x4 LONG 0x2d2 DEFINED (__AltI2C1BCLInterrupt)?ABSOLUTE (__AltI2C1BCLInterrupt):DEFINED (__I2C1BCLInterrupt)?ABSOLUTE (__I2C1BCLInterrupt):ABSOLUTE (__DefaultInterrupt)
                  0x0001be          0x4 LONG 0x2d2 DEFINED (__AltI2C2BCLInterrupt)?ABSOLUTE (__AltI2C2BCLInterrupt):DEFINED (__I2C2BCLInterrupt)?ABSOLUTE (__I2C2BCLInterrupt):ABSOLUTE (__DefaultInterrupt)
                  0x0001c0          0x4 LONG 0x2d2 DEFINED (__AltUSB1Interrupt)?ABSOLUTE (__AltUSB1Interrupt):DEFINED (__USB1Interrupt)?ABSOLUTE (__USB1Interrupt):ABSOLUTE (__DefaultInterrupt)
                  0x0001c2          0x4 LONG 0x2d2 DEFINED (__AltU4ErrInterrupt)?ABSOLUTE (__AltU4ErrInterrupt):DEFINED (__U4ErrInterrupt)?ABSOLUTE (__U4ErrInterrupt):ABSOLUTE (__DefaultInterrupt)
                  0x0001c4          0x4 LONG 0x2d2 DEFINED (__AltU4RXInterrupt)?ABSOLUTE (__AltU4RXInterrupt):DEFINED (__U4RXInterrupt)?ABSOLUTE (__U4RXInterrupt):ABSOLUTE (__DefaultInterrupt)
                  0x0001c6          0x4 LONG 0x2d2 DEFINED (__AltU4TXInterrupt)?ABSOLUTE (__AltU4TXInterrupt):DEFINED (__U4TXInterrupt)?ABSOLUTE (__U4TXInterrupt):ABSOLUTE (__DefaultInterrupt)
                  0x0001c8          0x4 LONG 0x2d2 DEFINED (__AltSPI3Interrupt)?ABSOLUTE (__AltSPI3Interrupt):DEFINED (__SPI3Interrupt)?ABSOLUTE (__SPI3Interrupt):ABSOLUTE (__DefaultInterrupt)
                  0x0001ca          0x4 LONG 0x2d2 DEFINED (__AltSPI3TXInterrupt)?ABSOLUTE (__AltSPI3TXInterrupt):DEFINED (__SPI3TXInterrupt)?ABSOLUTE (__SPI3TXInterrupt):ABSOLUTE (__DefaultInterrupt)
                  0x0001cc          0x4 LONG 0x2d2 DEFINED (__AltInterrupt92)?ABSOLUTE (__AltInterrupt92):DEFINED (__Interrupt92)?ABSOLUTE (__Interrupt92):ABSOLUTE (__DefaultInterrupt)
                  0x0001ce          0x4 LONG 0x2d2 DEFINED (__AltInterrupt93)?ABSOLUTE (__AltInterrupt93):DEFINED (__Interrupt93)?ABSOLUTE (__Interrupt93):ABSOLUTE (__DefaultInterrupt)
                  0x0001d0          0x4 LONG 0x2d2 DEFINED (__AltInterrupt94)?ABSOLUTE (__AltInterrupt94):DEFINED (__Interrupt94)?ABSOLUTE (__Interrupt94):ABSOLUTE (__DefaultInterrupt)
                  0x0001d2          0x4 LONG 0x2d2 DEFINED (__AltInterrupt95)?ABSOLUTE (__AltInterrupt95):DEFINED (__Interrupt95)?ABSOLUTE (__Interrupt95):ABSOLUTE (__DefaultInterrupt)
                  0x0001d4          0x4 LONG 0x2d2 DEFINED (__AltInterrupt96)?ABSOLUTE (__AltInterrupt96):DEFINED (__Interrupt96)?ABSOLUTE (__Interrupt96):ABSOLUTE (__DefaultInterrupt)
                  0x0001d6          0x4 LONG 0x2d2 DEFINED (__AltInterrupt97)?ABSOLUTE (__AltInterrupt97):DEFINED (__Interrupt97)?ABSOLUTE (__Interrupt97):ABSOLUTE (__DefaultInterrupt)
                  0x0001d8          0x4 LONG 0x2d2 DEFINED (__AltInterrupt98)?ABSOLUTE (__AltInterrupt98):DEFINED (__Interrupt98)?ABSOLUTE (__Interrupt98):ABSOLUTE (__DefaultInterrupt)
                  0x0001da          0x4 LONG 0x2d2 DEFINED (__AltInterrupt99)?ABSOLUTE (__AltInterrupt99):DEFINED (__Interrupt99)?ABSOLUTE (__Interrupt99):ABSOLUTE (__DefaultInterrupt)
                  0x0001dc          0x4 LONG 0x2d2 DEFINED (__AltInterrupt100)?ABSOLUTE (__AltInterrupt100):DEFINED (__Interrupt100)?ABSOLUTE (__Interrupt100):ABSOLUTE (__DefaultInterrupt)
                  0x0001de          0x4 LONG 0x2d2 DEFINED (__AltInterrupt101)?ABSOLUTE (__AltInterrupt101):DEFINED (__Interrupt101)?ABSOLUTE (__Interrupt101):ABSOLUTE (__DefaultInterrupt)
                  0x0001e0          0x4 LONG 0x2d2 DEFINED (__AltInterrupt102)?ABSOLUTE (__AltInterrupt102):DEFINED (__Interrupt102)?ABSOLUTE (__Interrupt102):ABSOLUTE (__DefaultInterrupt)
                  0x0001e2          0x4 LONG 0x2d2 DEFINED (__AltInterrupt103)?ABSOLUTE (__AltInterrupt103):DEFINED (__Interrupt103)?ABSOLUTE (__Interrupt103):ABSOLUTE (__DefaultInterrupt)
                  0x0001e4          0x4 LONG 0x2d2 DEFINED (__AltInterrupt104)?ABSOLUTE (__AltInterrupt104):DEFINED (__Interrupt104)?ABSOLUTE (__Interrupt104):ABSOLUTE (__DefaultInterrupt)
                  0x0001e6          0x4 LONG 0x2d2 DEFINED (__AltInterrupt105)?ABSOLUTE (__AltInterrupt105):DEFINED (__Interrupt105)?ABSOLUTE (__Interrupt105):ABSOLUTE (__DefaultInterrupt)
                  0x0001e8          0x4 LONG 0x2d2 DEFINED (__AltFSTInterrupt)?ABSOLUTE (__AltFSTInterrupt):DEFINED (__FSTInterrupt)?ABSOLUTE (__FSTInterrupt):ABSOLUTE (__DefaultInterrupt)
                  0x0001ea          0x4 LONG 0x2d2 DEFINED (__AltInterrupt107)?ABSOLUTE (__AltInterrupt107):DEFINED (__Interrupt107)?ABSOLUTE (__Interrupt107):ABSOLUTE (__DefaultInterrupt)
                  0x0001ec          0x4 LONG 0x2d2 DEFINED (__AltInterrupt108)?ABSOLUTE (__AltInterrupt108):DEFINED (__Interrupt108)?ABSOLUTE (__Interrupt108):ABSOLUTE (__DefaultInterrupt)
                  0x0001ee          0x4 LONG 0x2d2 DEFINED (__AltInterrupt109)?ABSOLUTE (__AltInterrupt109):DEFINED (__Interrupt109)?ABSOLUTE (__Interrupt109):ABSOLUTE (__DefaultInterrupt)
                  0x0001f0          0x4 LONG 0x2d2 DEFINED (__AltInterrupt110)?ABSOLUTE (__AltInterrupt110):DEFINED (__Interrupt110)?ABSOLUTE (__Interrupt110):ABSOLUTE (__DefaultInterrupt)
                  0x0001f2          0x4 LONG 0x2d2 DEFINED (__AltInterrupt111)?ABSOLUTE (__AltInterrupt111):DEFINED (__Interrupt111)?ABSOLUTE (__Interrupt111):ABSOLUTE (__DefaultInterrupt)
                  0x0001f4          0x4 LONG 0x2d2 DEFINED (__AltInterrupt112)?ABSOLUTE (__AltInterrupt112):DEFINED (__Interrupt112)?ABSOLUTE (__Interrupt112):ABSOLUTE (__DefaultInterrupt)
                  0x0001f6          0x4 LONG 0x2d2 DEFINED (__AltInterrupt113)?ABSOLUTE (__AltInterrupt113):DEFINED (__Interrupt113)?ABSOLUTE (__Interrupt113):ABSOLUTE (__DefaultInterrupt)
                  0x0001f8          0x4 LONG 0x2d2 DEFINED (__AltInterrupt114)?ABSOLUTE (__AltInterrupt114):DEFINED (__Interrupt114)?ABSOLUTE (__Interrupt114):ABSOLUTE (__DefaultInterrupt)
                  0x0001fa          0x4 LONG 0x2d2 DEFINED (__AltInterrupt115)?ABSOLUTE (__AltInterrupt115):DEFINED (__Interrupt115)?ABSOLUTE (__Interrupt115):ABSOLUTE (__DefaultInterrupt)
                  0x0001fc          0x4 LONG 0x2d2 DEFINED (__AltInterrupt116)?ABSOLUTE (__AltInterrupt116):DEFINED (__Interrupt116)?ABSOLUTE (__Interrupt116):ABSOLUTE (__DefaultInterrupt)
                  0x0001fe          0x4 LONG 0x2d2 DEFINED (__AltJTAGInterrupt)?ABSOLUTE (__AltJTAGInterrupt):DEFINED (__JTAGInterrupt)?ABSOLUTE (__JTAGInterrupt):ABSOLUTE (__DefaultInterrupt)
                    0x0000                  WREG0 = 0x0
                    0x0000                  _WREG0 = 0x0
                    0x0002                  WREG1 = 0x2
                    0x0002                  _WREG1 = 0x2
                    0x0004                  WREG2 = 0x4
                    0x0004                  _WREG2 = 0x4
                    0x0006                  WREG3 = 0x6
                    0x0006                  _WREG3 = 0x6
                    0x0008                  WREG4 = 0x8
                    0x0008                  _WREG4 = 0x8
                    0x000a                  WREG5 = 0xa
                    0x000a                  _WREG5 = 0xa
                    0x000c                  WREG6 = 0xc
                    0x000c                  _WREG6 = 0xc
                    0x000e                  WREG7 = 0xe
                    0x000e                  _WREG7 = 0xe
                    0x0010                  WREG8 = 0x10
                    0x0010                  _WREG8 = 0x10
                    0x0012                  WREG9 = 0x12
                    0x0012                  _WREG9 = 0x12
                    0x0014                  WREG10 = 0x14
                    0x0014                  _WREG10 = 0x14
                    0x0016                  WREG11 = 0x16
                    0x0016                  _WREG11 = 0x16
                    0x0018                  WREG12 = 0x18
                    0x0018                  _WREG12 = 0x18
                    0x001a                  WREG13 = 0x1a
                    0x001a                  _WREG13 = 0x1a
                    0x001c                  WREG14 = 0x1c
                    0x001c                  _WREG14 = 0x1c
                    0x001e                  WREG15 = 0x1e
                    0x001e                  _WREG15 = 0x1e
                    0x0020                  SPLIM = 0x20
                    0x0020                  _SPLIM = 0x20
                    0x002e                  PCL = 0x2e
                    0x002e                  _PCL = 0x2e
                    0x0030                  PCH = 0x30
                    0x0030                  _PCH = 0x30
                    0x0032                  DSRPAG = 0x32
                    0x0032                  _DSRPAG = 0x32
                    0x0032                  _DSRPAGbits = 0x32
                    0x0034                  DSWPAG = 0x34
                    0x0034                  _DSWPAG = 0x34
                    0x0034                  _DSWPAGbits = 0x34
                    0x0036                  RCOUNT = 0x36
                    0x0036                  _RCOUNT = 0x36
                    0x0042                  SR = 0x42
                    0x0042                  _SR = 0x42
                    0x0042                  _SRbits = 0x42
                    0x0044                  CORCON = 0x44
                    0x0044                  _CORCON = 0x44
                    0x0044                  _CORCONbits = 0x44
                    0x0052                  DISICNT = 0x52
                    0x0052                  _DISICNT = 0x52
                    0x0052                  _DISICNTbits = 0x52
                    0x0054                  TBLPAG = 0x54
                    0x0054                  _TBLPAG = 0x54
                    0x0054                  _TBLPAGbits = 0x54
                    0x0056                  CNPD1 = 0x56
                    0x0056                  _CNPD1 = 0x56
                    0x0056                  _CNPD1bits = 0x56
                    0x0058                  CNPD2 = 0x58
                    0x0058                  _CNPD2 = 0x58
                    0x0058                  _CNPD2bits = 0x58
                    0x005a                  CNPD3 = 0x5a
                    0x005a                  _CNPD3 = 0x5a
                    0x0062                  CNEN1 = 0x62
                    0x0062                  _CNEN1 = 0x62
                    0x0062                  _CNEN1bits = 0x62
                    0x0064                  CNEN2 = 0x64
                    0x0064                  _CNEN2 = 0x64
                    0x0064                  _CNEN2bits = 0x64
                    0x0066                  CNEN3 = 0x66
                    0x0066                  _CNEN3 = 0x66
                    0x006e                  CNPU1 = 0x6e
                    0x006e                  _CNPU1 = 0x6e
                    0x006e                  _CNPU1bits = 0x6e
                    0x0070                  CNPU2 = 0x70
                    0x0070                  _CNPU2 = 0x70
                    0x0070                  _CNPU2bits = 0x70
                    0x0072                  CNPU3 = 0x72
                    0x0072                  _CNPU3 = 0x72
                    0x0080                  INTCON1 = 0x80
                    0x0080                  _INTCON1 = 0x80
                    0x0080                  _INTCON1bits = 0x80
                    0x0082                  INTCON2 = 0x82
                    0x0082                  _INTCON2 = 0x82
                    0x0082                  _INTCON2bits = 0x82
                    0x0084                  IFS0 = 0x84
                    0x0084                  _IFS0 = 0x84
                    0x0084                  _IFS0bits = 0x84
                    0x0086                  IFS1 = 0x86
                    0x0086                  _IFS1 = 0x86
                    0x0086                  _IFS1bits = 0x86
                    0x0088                  IFS2 = 0x88
                    0x0088                  _IFS2 = 0x88
                    0x0088                  _IFS2bits = 0x88
                    0x008a                  IFS3 = 0x8a
                    0x008a                  _IFS3 = 0x8a
                    0x008a                  _IFS3bits = 0x8a
                    0x008c                  IFS4 = 0x8c
                    0x008c                  _IFS4 = 0x8c
                    0x008c                  _IFS4bits = 0x8c
                    0x008e                  IFS5 = 0x8e
                    0x008e                  _IFS5 = 0x8e
                    0x008e                  _IFS5bits = 0x8e
                    0x0090                  IFS6 = 0x90
                    0x0090                  _IFS6 = 0x90
                    0x0090                  _IFS6bits = 0x90
                    0x0092                  IFS7 = 0x92
                    0x0092                  _IFS7 = 0x92
                    0x0092                  _IFS7bits = 0x92
                    0x0094                  IEC0 = 0x94
                    0x0094                  _IEC0 = 0x94
                    0x0094                  _IEC0bits = 0x94
                    0x0096                  IEC1 = 0x96
                    0x0096                  _IEC1 = 0x96
                    0x0096                  _IEC1bits = 0x96
                    0x0098                  IEC2 = 0x98
                    0x0098                  _IEC2 = 0x98
                    0x0098                  _IEC2bits = 0x98
                    0x009a                  IEC3 = 0x9a
                    0x009a                  _IEC3 = 0x9a
                    0x009a                  _IEC3bits = 0x9a
                    0x009c                  IEC4 = 0x9c
                    0x009c                  _IEC4 = 0x9c
                    0x009c                  _IEC4bits = 0x9c
                    0x009e                  IEC5 = 0x9e
                    0x009e                  _IEC5 = 0x9e
                    0x009e                  _IEC5bits = 0x9e
                    0x00a0                  IEC6 = 0xa0
                    0x00a0                  _IEC6 = 0xa0
                    0x00a0                  _IEC6bits = 0xa0
                    0x00a2                  IEC7 = 0xa2
                    0x00a2                  _IEC7 = 0xa2
                    0x00a2                  _IEC7bits = 0xa2
                    0x00a4                  IPC0 = 0xa4
                    0x00a4                  _IPC0 = 0xa4
                    0x00a4                  _IPC0bits = 0xa4
                    0x00a6                  IPC1 = 0xa6
                    0x00a6                  _IPC1 = 0xa6
                    0x00a6                  _IPC1bits = 0xa6
                    0x00a8                  IPC2 = 0xa8
                    0x00a8                  _IPC2 = 0xa8
                    0x00a8                  _IPC2bits = 0xa8
                    0x00aa                  IPC3 = 0xaa
                    0x00aa                  _IPC3 = 0xaa
                    0x00aa                  _IPC3bits = 0xaa
                    0x00ac                  IPC4 = 0xac
                    0x00ac                  _IPC4 = 0xac
                    0x00ac                  _IPC4bits = 0xac
                    0x00ae                  IPC5 = 0xae
                    0x00ae                  _IPC5 = 0xae
                    0x00ae                  _IPC5bits = 0xae
                    0x00b0                  IPC6 = 0xb0
                    0x00b0                  _IPC6 = 0xb0
                    0x00b0                  _IPC6bits = 0xb0
                    0x00b2                  IPC7 = 0xb2
                    0x00b2                  _IPC7 = 0xb2
                    0x00b2                  _IPC7bits = 0xb2
                    0x00b4                  IPC8 = 0xb4
                    0x00b4                  _IPC8 = 0xb4
                    0x00b4                  _IPC8bits = 0xb4
                    0x00b6                  IPC9 = 0xb6
                    0x00b6                  _IPC9 = 0xb6
                    0x00b6                  _IPC9bits = 0xb6
                    0x00b8                  IPC10 = 0xb8
                    0x00b8                  _IPC10 = 0xb8
                    0x00b8                  _IPC10bits = 0xb8
                    0x00ba                  IPC11 = 0xba
                    0x00ba                  _IPC11 = 0xba
                    0x00ba                  _IPC11bits = 0xba
                    0x00bc                  IPC12 = 0xbc
                    0x00bc                  _IPC12 = 0xbc
                    0x00bc                  _IPC12bits = 0xbc
                    0x00be                  IPC13 = 0xbe
                    0x00be                  _IPC13 = 0xbe
                    0x00be                  _IPC13bits = 0xbe
                    0x00c0                  IPC14 = 0xc0
                    0x00c0                  _IPC14 = 0xc0
                    0x00c0                  _IPC14bits = 0xc0
                    0x00c2                  IPC15 = 0xc2
                    0x00c2                  _IPC15 = 0xc2
                    0x00c2                  _IPC15bits = 0xc2
                    0x00c4                  IPC16 = 0xc4
                    0x00c4                  _IPC16 = 0xc4
                    0x00c4                  _IPC16bits = 0xc4
                    0x00c8                  IPC18 = 0xc8
                    0x00c8                  _IPC18 = 0xc8
                    0x00c8                  _IPC18bits = 0xc8
                    0x00ca                  IPC19 = 0xca
                    0x00ca                  _IPC19 = 0xca
                    0x00ca                  _IPC19bits = 0xca
                    0x00cc                  IPC20 = 0xcc
                    0x00cc                  _IPC20 = 0xcc
                    0x00cc                  _IPC20bits = 0xcc
                    0x00ce                  IPC21 = 0xce
                    0x00ce                  _IPC21 = 0xce
                    0x00ce                  _IPC21bits = 0xce
                    0x00d0                  IPC22 = 0xd0
                    0x00d0                  _IPC22 = 0xd0
                    0x00d0                  _IPC22bits = 0xd0
                    0x00d2                  IPC23 = 0xd2
                    0x00d2                  _IPC23 = 0xd2
                    0x00d6                  IPC25 = 0xd6
                    0x00d6                  _IPC25 = 0xd6
                    0x00d8                  IPC26 = 0xd8
                    0x00d8                  _IPC26 = 0xd8
                    0x00d8                  _IPC26bits = 0xd8
                    0x00de                  IPC29 = 0xde
                    0x00de                  _IPC29 = 0xde
                    0x00de                  _IPC29bits = 0xde
                    0x00e0                  INTTREG = 0xe0
                    0x00e0                  _INTTREG = 0xe0
                    0x00e0                  _INTTREGbits = 0xe0
                    0x0100                  OSCCON = 0x100
                    0x0100                  _OSCCON = 0x100
                    0x0100                  _OSCCONbits = 0x100
                    0x0100                  OSCCONL = 0x100
                    0x0100                  _OSCCONL = 0x100
                    0x0101                  OSCCONH = 0x101
                    0x0101                  _OSCCONH = 0x101
                    0x0102                  CLKDIV = 0x102
                    0x0102                  _CLKDIV = 0x102
                    0x0102                  _CLKDIVbits = 0x102
                    0x0106                  OSCTUN = 0x106
                    0x0106                  _OSCTUN = 0x106
                    0x0106                  _OSCTUNbits = 0x106
                    0x0108                  RCON = 0x108
                    0x0108                  _RCON = 0x108
                    0x0108                  _RCONbits = 0x108
                    0x010a                  RCON2 = 0x10a
                    0x010a                  _RCON2 = 0x10a
                    0x010a                  _RCON2bits = 0x10a
                    0x010c                  HLVDCON = 0x10c
                    0x010c                  _HLVDCON = 0x10c
                    0x010c                  _HLVDCONbits = 0x10c
                    0x010e                  DSCON = 0x10e
                    0x010e                  _DSCON = 0x10e
                    0x010e                  _DSCONbits = 0x10e
                    0x0110                  DSWAKE = 0x110
                    0x0110                  _DSWAKE = 0x110
                    0x0110                  _DSWAKEbits = 0x110
                    0x0112                  DSGPR0 = 0x112
                    0x0112                  _DSGPR0 = 0x112
                    0x0114                  DSGPR1 = 0x114
                    0x0114                  _DSGPR1 = 0x114
                    0x011e                  ALRMVAL = 0x11e
                    0x011e                  _ALRMVAL = 0x11e
                    0x0120                  ALCFGRPT = 0x120
                    0x0120                  _ALCFGRPT = 0x120
                    0x0120                  _ALCFGRPTbits = 0x120
                    0x0122                  RTCVAL = 0x122
                    0x0122                  _RTCVAL = 0x122
                    0x0124                  RCFGCAL = 0x124
                    0x0124                  _RCFGCAL = 0x124
                    0x0124                  _RCFGCALbits = 0x124
                    0x0126                  RTCPWC = 0x126
                    0x0126                  _RTCPWC = 0x126
                    0x0126                  _RTCPWCbits = 0x126
                    0x0158                  CRCCON1 = 0x158
                    0x0158                  _CRCCON1 = 0x158
                    0x0158                  _CRCCON1bits = 0x158
                    0x015a                  CRCCON2 = 0x15a
                    0x015a                  _CRCCON2 = 0x15a
                    0x015a                  _CRCCON2bits = 0x15a
                    0x015c                  CRCXORL = 0x15c
                    0x015c                  _CRCXORL = 0x15c
                    0x015c                  _CRCXORLbits = 0x15c
                    0x015e                  CRCXORH = 0x15e
                    0x015e                  _CRCXORH = 0x15e
                    0x015e                  _CRCXORHbits = 0x15e
                    0x0160                  CRCDAT = 0x160
                    0x0160                  _CRCDAT = 0x160
                    0x0160                  CRCDATL = 0x160
                    0x0160                  _CRCDATL = 0x160
                    0x0162                  CRCDATH = 0x162
                    0x0162                  _CRCDATH = 0x162
                    0x0164                  CRCWDAT = 0x164
                    0x0164                  _CRCWDAT = 0x164
                    0x0164                  CRCWDATL = 0x164
                    0x0164                  _CRCWDATL = 0x164
                    0x0166                  CRCWDATH = 0x166
                    0x0166                  _CRCWDATH = 0x166
                    0x0168                  REFOCON1 = 0x168
                    0x0168                  _REFOCON1 = 0x168
                    0x0168                  _REFOCON1bits = 0x168
                    0x0168                  REFOCONL = 0x168
                    0x0168                  _REFOCONL = 0x168
                    0x0168                  _REFOCONLbits = 0x168
                    0x016a                  REFOCON2 = 0x16a
                    0x016a                  _REFOCON2 = 0x16a
                    0x016a                  _REFOCON2bits = 0x16a
                    0x016a                  REFOCONH = 0x16a
                    0x016a                  _REFOCONH = 0x16a
                    0x016a                  _REFOCONHbits = 0x16a
                    0x016c                  REFOTRIML = 0x16c
                    0x016c                  _REFOTRIML = 0x16c
                    0x016c                  _REFOTRIMLbits = 0x16c
                    0x0170                  PMD1 = 0x170
                    0x0170                  _PMD1 = 0x170
                    0x0170                  _PMD1bits = 0x170
                    0x0172                  PMD2 = 0x172
                    0x0172                  _PMD2 = 0x172
                    0x0172                  _PMD2bits = 0x172
                    0x0174                  PMD3 = 0x174
                    0x0174                  _PMD3 = 0x174
                    0x0174                  _PMD3bits = 0x174
                    0x0176                  PMD4 = 0x176
                    0x0176                  _PMD4 = 0x176
                    0x0176                  _PMD4bits = 0x176
                    0x0178                  PMD5 = 0x178
                    0x0178                  _PMD5 = 0x178
                    0x017a                  PMD6 = 0x17a
                    0x017a                  _PMD6 = 0x17a
                    0x017a                  _PMD6bits = 0x17a
                    0x017c                  PMD7 = 0x17c
                    0x017c                  _PMD7 = 0x17c
                    0x017c                  _PMD7bits = 0x17c
                    0x017e                  PMD8 = 0x17e
                    0x017e                  _PMD8 = 0x17e
                    0x017e                  _PMD8bits = 0x17e
                    0x0180                  TRISA = 0x180
                    0x0180                  _TRISA = 0x180
                    0x0180                  _TRISAbits = 0x180
                    0x0182                  PORTA = 0x182
                    0x0182                  _PORTA = 0x182
                    0x0182                  _PORTAbits = 0x182
                    0x0184                  LATA = 0x184
                    0x0184                  _LATA = 0x184
                    0x0184                  _LATAbits = 0x184
                    0x0186                  ODCA = 0x186
                    0x0186                  _ODCA = 0x186
                    0x0186                  _ODCAbits = 0x186
                    0x0188                  ANSA = 0x188
                    0x0188                  _ANSA = 0x188
                    0x0188                  _ANSAbits = 0x188
                    0x018a                  TRISB = 0x18a
                    0x018a                  _TRISB = 0x18a
                    0x018a                  _TRISBbits = 0x18a
                    0x018c                  PORTB = 0x18c
                    0x018c                  _PORTB = 0x18c
                    0x018c                  _PORTBbits = 0x18c
                    0x018e                  LATB = 0x18e
                    0x018e                  _LATB = 0x18e
                    0x018e                  _LATBbits = 0x18e
                    0x0190                  ODCB = 0x190
                    0x0190                  _ODCB = 0x190
                    0x0190                  _ODCBbits = 0x190
                    0x0192                  ANSB = 0x192
                    0x0192                  _ANSB = 0x192
                    0x0192                  _ANSBbits = 0x192
                    0x019e                  ANCFG = 0x19e
                    0x019e                  _ANCFG = 0x19e
                    0x019e                  _ANCFGbits = 0x19e
                    0x01a4                  CRYCON1 = 0x1a4
                    0x01a4                  _CRYCON1 = 0x1a4
                    0x01a4                  _CRYCON1bits = 0x1a4
                    0x01a4                  CRYCONL = 0x1a4
                    0x01a4                  _CRYCONL = 0x1a4
                    0x01a4                  _CRYCONLbits = 0x1a4
                    0x01a6                  CRYCON2 = 0x1a6
                    0x01a6                  _CRYCON2 = 0x1a6
                    0x01a6                  _CRYCON2bits = 0x1a6
                    0x01a6                  CRYCONH = 0x1a6
                    0x01a6                  _CRYCONH = 0x1a6
                    0x01a6                  _CRYCONHbits = 0x1a6
                    0x01a8                  CRYSTAT = 0x1a8
                    0x01a8                  _CRYSTAT = 0x1a8
                    0x01a8                  _CRYSTATbits = 0x1a8
                    0x01ac                  CRYOTP = 0x1ac
                    0x01ac                  _CRYOTP = 0x1ac
                    0x01ac                  _CRYOTPbits = 0x1ac
                    0x01b0                  CRYTXTA = 0x1b0
                    0x01b0                  _CRYTXTA = 0x1b0
                    0x01b0                  CRYTXTA0 = 0x1b0
                    0x01b0                  _CRYTXTA0 = 0x1b0
                    0x01b2                  CRYTXTA1 = 0x1b2
                    0x01b2                  _CRYTXTA1 = 0x1b2
                    0x01b4                  CRYTXTA2 = 0x1b4
                    0x01b4                  _CRYTXTA2 = 0x1b4
                    0x01b6                  CRYTXTA3 = 0x1b6
                    0x01b6                  _CRYTXTA3 = 0x1b6
                    0x01b8                  CRYTXTA4 = 0x1b8
                    0x01b8                  _CRYTXTA4 = 0x1b8
                    0x01ba                  CRYTXTA5 = 0x1ba
                    0x01ba                  _CRYTXTA5 = 0x1ba
                    0x01bc                  CRYTXTA6 = 0x1bc
                    0x01bc                  _CRYTXTA6 = 0x1bc
                    0x01be                  CRYTXTA7 = 0x1be
                    0x01be                  _CRYTXTA7 = 0x1be
                    0x01c0                  CRYKEY = 0x1c0
                    0x01c0                  _CRYKEY = 0x1c0
                    0x01c0                  CRYKEY0 = 0x1c0
                    0x01c0                  _CRYKEY0 = 0x1c0
                    0x01c2                  CRYKEY1 = 0x1c2
                    0x01c2                  _CRYKEY1 = 0x1c2
                    0x01c4                  CRYKEY2 = 0x1c4
                    0x01c4                  _CRYKEY2 = 0x1c4
                    0x01c6                  CRYKEY3 = 0x1c6
                    0x01c6                  _CRYKEY3 = 0x1c6
                    0x01c8                  CRYKEY4 = 0x1c8
                    0x01c8                  _CRYKEY4 = 0x1c8
                    0x01ca                  CRYKEY5 = 0x1ca
                    0x01ca                  _CRYKEY5 = 0x1ca
                    0x01cc                  CRYKEY6 = 0x1cc
                    0x01cc                  _CRYKEY6 = 0x1cc
                    0x01ce                  CRYKEY7 = 0x1ce
                    0x01ce                  _CRYKEY7 = 0x1ce
                    0x01d0                  CRYKEY8 = 0x1d0
                    0x01d0                  _CRYKEY8 = 0x1d0
                    0x01d2                  CRYKEY9 = 0x1d2
                    0x01d2                  _CRYKEY9 = 0x1d2
                    0x01d4                  CRYKEY10 = 0x1d4
                    0x01d4                  _CRYKEY10 = 0x1d4
                    0x01d6                  CRYKEY11 = 0x1d6
                    0x01d6                  _CRYKEY11 = 0x1d6
                    0x01d8                  CRYKEY12 = 0x1d8
                    0x01d8                  _CRYKEY12 = 0x1d8
                    0x01da                  CRYKEY13 = 0x1da
                    0x01da                  _CRYKEY13 = 0x1da
                    0x01dc                  CRYKEY14 = 0x1dc
                    0x01dc                  _CRYKEY14 = 0x1dc
                    0x01de                  CRYKEY15 = 0x1de
                    0x01de                  _CRYKEY15 = 0x1de
                    0x01e0                  CRYTXTB = 0x1e0
                    0x01e0                  _CRYTXTB = 0x1e0
                    0x01e0                  CRYTXTB0 = 0x1e0
                    0x01e0                  _CRYTXTB0 = 0x1e0
                    0x01e2                  CRYTXTB1 = 0x1e2
                    0x01e2                  _CRYTXTB1 = 0x1e2
                    0x01e4                  CRYTXTB2 = 0x1e4
                    0x01e4                  _CRYTXTB2 = 0x1e4
                    0x01e6                  CRYTXTB3 = 0x1e6
                    0x01e6                  _CRYTXTB3 = 0x1e6
                    0x01e8                  CRYTXTB4 = 0x1e8
                    0x01e8                  _CRYTXTB4 = 0x1e8
                    0x01ea                  CRYTXTB5 = 0x1ea
                    0x01ea                  _CRYTXTB5 = 0x1ea
                    0x01ec                  CRYTXTB6 = 0x1ec
                    0x01ec                  _CRYTXTB6 = 0x1ec
                    0x01ee                  CRYTXTB7 = 0x1ee
                    0x01ee                  _CRYTXTB7 = 0x1ee
                    0x01f0                  CRYTXTC = 0x1f0
                    0x01f0                  _CRYTXTC = 0x1f0
                    0x01f0                  CRYTXTC0 = 0x1f0
                    0x01f0                  _CRYTXTC0 = 0x1f0
                    0x01f2                  CRYTXTC1 = 0x1f2
                    0x01f2                  _CRYTXTC1 = 0x1f2
                    0x01f4                  CRYTXTC2 = 0x1f4
                    0x01f4                  _CRYTXTC2 = 0x1f4
                    0x01f6                  CRYTXTC3 = 0x1f6
                    0x01f6                  _CRYTXTC3 = 0x1f6
                    0x01f8                  CRYTXTC4 = 0x1f8
                    0x01f8                  _CRYTXTC4 = 0x1f8
                    0x01fa                  CRYTXTC5 = 0x1fa
                    0x01fa                  _CRYTXTC5 = 0x1fa
                    0x01fc                  CRYTXTC6 = 0x1fc
                    0x01fc                  _CRYTXTC6 = 0x1fc
                    0x01fe                  CRYTXTC7 = 0x1fe
                    0x01fe                  _CRYTXTC7 = 0x1fe
                    0x0200                  ADC1BUF0 = 0x200
                    0x0200                  _ADC1BUF0 = 0x200
                    0x0202                  ADC1BUF1 = 0x202
                    0x0202                  _ADC1BUF1 = 0x202
                    0x0204                  ADC1BUF2 = 0x204
                    0x0204                  _ADC1BUF2 = 0x204
                    0x0206                  ADC1BUF3 = 0x206
                    0x0206                  _ADC1BUF3 = 0x206
                    0x0208                  ADC1BUF4 = 0x208
                    0x0208                  _ADC1BUF4 = 0x208
                    0x020a                  ADC1BUF5 = 0x20a
                    0x020a                  _ADC1BUF5 = 0x20a
                    0x020c                  ADC1BUF6 = 0x20c
                    0x020c                  _ADC1BUF6 = 0x20c
                    0x020e                  ADC1BUF7 = 0x20e
                    0x020e                  _ADC1BUF7 = 0x20e
                    0x0210                  ADC1BUF8 = 0x210
                    0x0210                  _ADC1BUF8 = 0x210
                    0x0212                  ADC1BUF9 = 0x212
                    0x0212                  _ADC1BUF9 = 0x212
                    0x0214                  ADC1BUF10 = 0x214
                    0x0214                  _ADC1BUF10 = 0x214
                    0x0216                  ADC1BUF11 = 0x216
                    0x0216                  _ADC1BUF11 = 0x216
                    0x0218                  ADC1BUF12 = 0x218
                    0x0218                  _ADC1BUF12 = 0x218
                    0x021a                  ADC1BUF13 = 0x21a
                    0x021a                  _ADC1BUF13 = 0x21a
                    0x021c                  ADC1BUF14 = 0x21c
                    0x021c                  _ADC1BUF14 = 0x21c
                    0x021e                  ADC1BUF15 = 0x21e
                    0x021e                  _ADC1BUF15 = 0x21e
                    0x0220                  AD1CON1 = 0x220
                    0x0220                  _AD1CON1 = 0x220
                    0x0220                  _AD1CON1bits = 0x220
                    0x0222                  AD1CON2 = 0x222
                    0x0222                  _AD1CON2 = 0x222
                    0x0222                  _AD1CON2bits = 0x222
                    0x0224                  AD1CON3 = 0x224
                    0x0224                  _AD1CON3 = 0x224
                    0x0224                  _AD1CON3bits = 0x224
                    0x0228                  AD1CHS = 0x228
                    0x0228                  _AD1CHS = 0x228
                    0x0228                  _AD1CHSbits = 0x228
                    0x0228                  AD1CHS0 = 0x228
                    0x0228                  _AD1CHS0 = 0x228
                    0x0228                  _AD1CHS0bits = 0x228
                    0x022a                  AD1CSSH = 0x22a
                    0x022a                  _AD1CSSH = 0x22a
                    0x022a                  _AD1CSSHbits = 0x22a
                    0x022c                  AD1CSSL = 0x22c
                    0x022c                  _AD1CSSL = 0x22c
                    0x022c                  _AD1CSSLbits = 0x22c
                    0x022e                  AD1CON4 = 0x22e
                    0x022e                  _AD1CON4 = 0x22e
                    0x022e                  _AD1CON4bits = 0x22e
                    0x0230                  AD1CON5 = 0x230
                    0x0230                  _AD1CON5 = 0x230
                    0x0230                  _AD1CON5bits = 0x230
                    0x0234                  AD1CHITL = 0x234
                    0x0234                  _AD1CHITL = 0x234
                    0x0234                  _AD1CHITLbits = 0x234
                    0x0238                  AD1CTMENL = 0x238
                    0x0238                  _AD1CTMENL = 0x238
                    0x0238                  _AD1CTMENLbits = 0x238
                    0x023a                  AD1RESDMA = 0x23a
                    0x023a                  _AD1RESDMA = 0x23a
                    0x023c                  CTMUCON1 = 0x23c
                    0x023c                  _CTMUCON1 = 0x23c
                    0x023c                  _CTMUCON1bits = 0x23c
                    0x023e                  CTMUCON2 = 0x23e
                    0x023e                  _CTMUCON2 = 0x23e
                    0x023e                  _CTMUCON2bits = 0x23e
                    0x0240                  CTMUICON = 0x240
                    0x0240                  _CTMUICON = 0x240
                    0x0240                  _CTMUICONbits = 0x240
                    0x0242                  CMSTAT = 0x242
                    0x0242                  _CMSTAT = 0x242
                    0x0242                  _CMSTATbits = 0x242
                    0x0244                  CVRCON = 0x244
                    0x0244                  _CVRCON = 0x244
                    0x0244                  _CVRCONbits = 0x244
                    0x0246                  CM1CON = 0x246
                    0x0246                  _CM1CON = 0x246
                    0x0246                  _CM1CONbits = 0x246
                    0x0248                  CM2CON = 0x248
                    0x0248                  _CM2CON = 0x248
                    0x0248                  _CM2CONbits = 0x248
                    0x024a                  CM3CON = 0x24a
                    0x024a                  _CM3CON = 0x24a
                    0x024a                  _CM3CONbits = 0x24a
                    0x024c                  TMR1 = 0x24c
                    0x024c                  _TMR1 = 0x24c
                    0x024e                  PR1 = 0x24e
                    0x024e                  _PR1 = 0x24e
                    0x0250                  T1CON = 0x250
                    0x0250                  _T1CON = 0x250
                    0x0250                  _T1CONbits = 0x250
                    0x0252                  TMR2 = 0x252
                    0x0252                  _TMR2 = 0x252
                    0x0254                  TMR3HLD = 0x254
                    0x0254                  _TMR3HLD = 0x254
                    0x0256                  TMR3 = 0x256
                    0x0256                  _TMR3 = 0x256
                    0x0258                  PR2 = 0x258
                    0x0258                  _PR2 = 0x258
                    0x025a                  PR3 = 0x25a
                    0x025a                  _PR3 = 0x25a
                    0x025c                  T2CON = 0x25c
                    0x025c                  _T2CON = 0x25c
                    0x025c                  _T2CONbits = 0x25c
                    0x025e                  T3CON = 0x25e
                    0x025e                  _T3CON = 0x25e
                    0x025e                  _T3CONbits = 0x25e
                    0x0260                  TMR4 = 0x260
                    0x0260                  _TMR4 = 0x260
                    0x0262                  TMR5HLD = 0x262
                    0x0262                  _TMR5HLD = 0x262
                    0x0264                  TMR5 = 0x264
                    0x0264                  _TMR5 = 0x264
                    0x0266                  PR4 = 0x266
                    0x0266                  _PR4 = 0x266
                    0x0268                  PR5 = 0x268
                    0x0268                  _PR5 = 0x268
                    0x026a                  T4CON = 0x26a
                    0x026a                  _T4CON = 0x26a
                    0x026a                  _T4CONbits = 0x26a
                    0x026c                  T5CON = 0x26c
                    0x026c                  _T5CON = 0x26c
                    0x026c                  _T5CONbits = 0x26c
                    0x026e                  OC1CON1 = 0x26e
                    0x026e                  _OC1CON1 = 0x26e
                    0x026e                  _OC1CON1bits = 0x26e
                    0x0270                  OC1CON2 = 0x270